Component: ARM Compiler 6.16 Tool: armlink [5dfeaa00]

==============================================================================

Section Cross References

    ledmain1.o(.text.main) refers to sysclock.o(.text.System_Clock_Init) for System_Clock_Init
    ledmain1.o(.text.main) refers to system_stm32f3xx.o(.text.SystemCoreClockUpdate) for SystemCoreClockUpdate
    ledmain1.o(.text.main) refers to uart.o(.text.UART2_Init) for UART2_Init
    ledmain1.o(.text.main) refers to stepper.o(.text.Stepper_Init) for Stepper_Init
    ledmain1.o(.text.main) refers to interupt.o(.text.trigger) for trigger
    ledmain1.o(.text.main) refers to interupt.o(.text.EXTI15_10_IRQHandler) for EXTI15_10_IRQHandler
    ledmain1.o(.text.main) refers to drive.o(.text.Drive_Init) for Drive_Init
    ledmain1.o(.text.main) refers to lcd.o(.text.LCDprintf) for LCDprintf
    ledmain1.o(.text.main) refers to ledmain1.o(.rodata.str1.1) for .L.str.1
    ledmain1.o(.text.main) refers to uart.o(.text.UARTprintf) for UARTprintf
    ledmain1.o(.text.main) refers to uart.o(.text.UARTgetc) for UARTgetc
    ledmain1.o(.text.main) refers to stepper.o(.text.stepperSetting) for stepperSetting
    ledmain1.o(.text.main) refers to drive.o(.text.DriveSetting) for DriveSetting
    ledmain1.o(.text.main) refers to uart.o(.text.UARTgetc_NP) for UARTgetc_NP
    ledmain1.o(.text.main) refers to servo.o(.text.RCServo_SetAngle) for RCServo_SetAngle
    ledmain1.o(.text.main) refers to keypad.o(.text.keypad_scan) for keypad_scan
    ledmain1.o(.text.main) refers to stepper.o(.text.Wait_ms) for Wait_ms
    ledmain1.o(.text.main) refers to drive.o(.text.Drive) for Drive
    ledmain1.o(.ARM.exidx.text.main) refers to ledmain1.o(.text.main) for [Anonymous Symbol]
    led1.o(.ARM.exidx.text.LED_Init) refers to led1.o(.text.LED_Init) for [Anonymous Symbol]
    led1.o(.ARM.exidx.text.LED_Toggle) refers to led1.o(.text.LED_Toggle) for [Anonymous Symbol]
    startup_stm32f303xe.o(STACK) refers (Special) to heapauxi.o(.text) for __use_two_region_memory
    startup_stm32f303xe.o(HEAP) refers (Special) to heapauxi.o(.text) for __use_two_region_memory
    startup_stm32f303xe.o(RESET) refers (Special) to heapauxi.o(.text) for __use_two_region_memory
    startup_stm32f303xe.o(RESET) refers to startup_stm32f303xe.o(STACK) for __initial_sp
    startup_stm32f303xe.o(RESET) refers to startup_stm32f303xe.o(.text) for Reset_Handler
    startup_stm32f303xe.o(RESET) refers to systick.o(.text.SysTick_Handler) for SysTick_Handler
    startup_stm32f303xe.o(RESET) refers to interupt.o(.text.EXTI15_10_IRQHandler) for EXTI15_10_IRQHandler
    startup_stm32f303xe.o(.text) refers (Special) to heapauxi.o(.text) for __use_two_region_memory
    startup_stm32f303xe.o(.text) refers to system_stm32f3xx.o(.text.SystemInit) for SystemInit
    startup_stm32f303xe.o(.text) refers to __main.o(!!!main) for __main
    startup_stm32f303xe.o(.text) refers to startup_stm32f303xe.o(HEAP) for Heap_Mem
    startup_stm32f303xe.o(.text) refers to startup_stm32f303xe.o(STACK) for Stack_Mem
    system_stm32f3xx.o(.ARM.exidx.text.SystemInit) refers to system_stm32f3xx.o(.text.SystemInit) for [Anonymous Symbol]
    system_stm32f3xx.o(.text.SystemCoreClockUpdate) refers to system_stm32f3xx.o(.data.SystemCoreClock) for SystemCoreClock
    system_stm32f3xx.o(.text.SystemCoreClockUpdate) refers to system_stm32f3xx.o(.rodata.AHBPrescTable) for AHBPrescTable
    system_stm32f3xx.o(.ARM.exidx.text.SystemCoreClockUpdate) refers to system_stm32f3xx.o(.text.SystemCoreClockUpdate) for [Anonymous Symbol]
    uart.o(.text.UART2_Init) refers to system_stm32f3xx.o(.data.SystemCoreClock) for SystemCoreClock
    uart.o(.ARM.exidx.text.UART2_Init) refers to uart.o(.text.UART2_Init) for [Anonymous Symbol]
    uart.o(.ARM.exidx.text.UARTgetc) refers to uart.o(.text.UARTgetc) for [Anonymous Symbol]
    uart.o(.ARM.exidx.text.UARTgetc_NP) refers to uart.o(.text.UARTgetc_NP) for [Anonymous Symbol]
    uart.o(.ARM.exidx.text.UARTputc) refers to uart.o(.text.UARTputc) for [Anonymous Symbol]
    uart.o(.text.UARTputs) refers to uart.o(.text.UARTputc) for UARTputc
    uart.o(.ARM.exidx.text.UARTputs) refers to uart.o(.text.UARTputs) for [Anonymous Symbol]
    uart.o(.text.UARTprintf) refers to vsnprintf.o(.text) for vsnprintf
    uart.o(.text.UARTprintf) refers to uart.o(.text.UARTputs) for UARTputs
    uart.o(.ARM.exidx.text.UARTprintf) refers to uart.o(.text.UARTprintf) for [Anonymous Symbol]
    sysclock.o(.ARM.exidx.text.System_Clock_Init) refers to sysclock.o(.text.System_Clock_Init) for [Anonymous Symbol]
    stepper.o(.ARM.exidx.text.Stepper_Init) refers to stepper.o(.text.Stepper_Init) for [Anonymous Symbol]
    stepper.o(.ARM.exidx.text.stepperSetting) refers to stepper.o(.text.stepperSetting) for [Anonymous Symbol]
    stepper.o(.text.Wait_ms) refers to system_stm32f3xx.o(.data.SystemCoreClock) for SystemCoreClock
[...]
    ../clib/printf.c                         0x00000000   Number         0  _printf_hex_ll.o ABSOLUTE
    ../clib/printf.c                         0x00000000   Number         0  _printf_hex_int.o ABSOLUTE
    ../clib/printf.c                         0x00000000   Number         0  _printf_hex_int_ll.o ABSOLUTE
    ../clib/printf.c                         0x00000000   Number         0  _printf_hex_ptr.o ABSOLUTE
    ../clib/printf.c                         0x00000000   Number         0  _printf_hex_int_ptr.o ABSOLUTE
    ../clib/printf.c                         0x00000000   Number         0  _printf_hex_ll_ptr.o ABSOLUTE
    ../clib/printf.c                         0x00000000   Number         0  _printf_hex_int_ll_ptr.o ABSOLUTE
    ../clib/printf.c                         0x00000000   Number         0  __printf_flags.o ABSOLUTE
    ../clib/printf.c                         0x00000000   Number         0  __printf_ss.o ABSOLUTE
    ../clib/printf.c                         0x00000000   Number         0  __printf_flags_ss.o ABSOLUTE
    ../clib/printf.c                         0x00000000   Number         0  __printf_wp.o ABSOLUTE
    ../clib/printf.c                         0x00000000   Number         0  __printf_flags_wp.o ABSOLUTE
    ../clib/printf.c                         0x00000000   Number         0  __printf_ss_wp.o ABSOLUTE
    ../clib/printf.c                         0x00000000   Number         0  __printf_flags_ss_wp.o ABSOLUTE
    ../clib/printf.c                         0x00000000   Number         0  _printf_intcommon.o ABSOLUTE
    ../clib/printf.c                         0x00000000   Number         0  _printf_fp_dec.o ABSOLUTE
    ../clib/printf.c                         0x00000000   Number         0  _printf_fp_dec_accurate.o ABSOLUTE
    ../clib/printf.c                         0x00000000   Number         0  _printf_fp_hex.o ABSOLUTE
    ../clib/printf.c                         0x00000000   Number         0  __printf_nopercent.o ABSOLUTE
    ../clib/printf.c                         0x00000000   Number         0  _printf_char.o ABSOLUTE
    ../clib/printf.c                         0x00000000   Number         0  _printf_wchar.o ABSOLUTE
    ../clib/printf.c                         0x00000000   Number         0  _printf_fp_infnan.o ABSOLUTE
    ../clib/printf_percent.s                 0x00000000   Number         0  _printf_c.o ABSOLUTE
    ../clib/printf_percent.s                 0x00000000   Number         0  _printf_s.o ABSOLUTE
    ../clib/printf_percent.s                 0x00000000   Number         0  _printf_n.o ABSOLUTE
    ../clib/printf_percent.s                 0x00000000   Number         0  _printf_x.o ABSOLUTE
    ../clib/printf_percent.s                 0x00000000   Number         0  _printf_p.o ABSOLUTE
    ../clib/printf_percent.s                 0x00000000   Number         0  _printf_o.o ABSOLUTE
    ../clib/printf_percent.s                 0x00000000   Number         0  _printf_i.o ABSOLUTE
    ../clib/printf_percent.s                 0x00000000   Number         0  _printf_d.o ABSOLUTE
    ../clib/printf_percent.s                 0x00000000   Number         0  _printf_u.o ABSOLUTE
    ../clib/printf_percent.s                 0x00000000   Number         0  _printf_f.o ABSOLUTE
    ../clib/printf_percent.s                 0x00000000   Number         0  _printf_e.o ABSOLUTE
    ../clib/printf_percent.s                 0x00000000   Number         0  _printf_g.o ABSOLUTE
    ../clib/printf_percent.s                 0x00000000   Number         0  _printf_a.o ABSOLUTE
    ../clib/printf_percent.s                 0x00000000   Number         0  _printf_percent.o ABSOLUTE
    ../clib/printf_percent.s                 0x00000000   Number         0  _printf_lli.o ABSOLUTE
    ../clib/printf_percent.s                 0x00000000   Number         0  _printf_lld.o ABSOLUTE
    ../clib/printf_percent.s                 0x00000000   Number         0  _printf_llu.o ABSOLUTE
    ../clib/printf_percent.s                 0x00000000   Number         0  _printf_ll.o ABSOLUTE
    ../clib/printf_percent.s                 0x00000000   Number         0  _printf_l.o ABSOLUTE
    ../clib/printf_percent.s                 0x00000000   Number         0  _printf_lc.o ABSOLUTE
    ../clib/printf_percent.s                 0x00000000   Number         0  _printf_ls.o ABSOLUTE
    ../clib/printf_percent.s                 0x00000000   Number         0  _printf_llo.o ABSOLUTE
    ../clib/printf_percent.s                 0x00000000   Number         0  _printf_llx.o ABSOLUTE
    ../clib/printf_percent.s                 0x00000000   Number         0  _printf_percent_end.o ABSOLUTE
    ../clib/signal.c                         0x00000000   Number         0  defsig_rtmem_outer.o ABSOLUTE
    ../clib/signal.c                         0x00000000   Number         0  defsig_rtmem_formal.o ABSOLUTE
    ../clib/signal.c                         0x00000000   Number         0  defsig_exit.o ABSOLUTE
    ../clib/signal.c                         0x00000000   Number         0  defsig_rtmem_inner.o ABSOLUTE
    ../clib/signal.c                         0x00000000   Number         0  __raise.o ABSOLUTE
    ../clib/signal.c                         0x00000000   Number         0  defsig_general.o ABSOLUTE
    ../clib/signal.c                         0x00000000   Number         0  defsig_abrt_inner.o ABSOLUTE
    ../clib/signal.c                         0x00000000   Number         0  defsig_fpe_inner.o ABSOLUTE
    ../clib/signal.c                         0x00000000   Number         0  defsig_rtred_inner.o ABSOLUTE
    ../clib/signal.c                         0x00000000   Number         0  defsig_stak_inner.o ABSOLUTE
    ../clib/signal.c                         0x00000000   Number         0  defsig_pvfn_inner.o ABSOLUTE
    ../clib/signal.c                         0x00000000   Number         0  defsig_cppl_inner.o ABSOLUTE
    ../clib/signal.c                         0x00000000   Number         0  defsig_segv_inner.o ABSOLUTE
    ../clib/signal.c                         0x00000000   Number         0  defsig_other.o ABSOLUTE
    ../clib/signal.s                         0x00000000   Number         0  defsig.o ABSOLUTE
    ../clib/stdlib.c                         0x00000000   Number         0  exit.o ABSOLUTE
    ../fplib/fpinit.s                        0x00000000   Number         0  fpinit.o ABSOLUTE
    ../fplib/istatus.s                       0x00000000   Number         0  istatus.o ABSOLUTE
    ../fplib/printf1.s                       0x00000000   Number         0  printf1.o ABSOLUTE
    ../fplib/printf2.s                       0x00000000   Number         0  printf2.o ABSOLUTE
    ../fplib/printf2a.s                      0x00000000   Number         0  printf2a.o ABSOLUTE
    ../fplib/printf2b.s                      0x00000000   Number         0  printf2b.o ABSOLUTE
    ../fplib/usenofp.s                       0x00000000   Number         0  usenofp.o ABSOLUTE
    ../mathlib/fpclassify.c                  0x00000000   Number         0  fpclassify.o ABSOLUTE
    Drive.c                                  0x00000000   Number         0  drive.o ABSOLUTE
    Interupt.c                               0x00000000   Number         0  interupt.o ABSOLUTE
    LCD.c                                    0x00000000   Number         0  lcd.o ABSOLUTE
    LED1.c                                   0x00000000   Number         0  led1.o ABSOLUTE
    LEDMain1.c                               0x00000000   Number         0  ledmain1.o ABSOLUTE
    SysClock.c                               0x00000000   Number         0  sysclock.o ABSOLUTE
    Systick.c                                0x00000000   Number         0  systick.o ABSOLUTE
    UART.c                                   0x00000000   Number         0  uart.o ABSOLUTE
    dc.s                                     0x00000000   Number         0  dc.o ABSOLUTE
    keypad.c                                 0x00000000   Number         0  keypad.o ABSOLUTE
    servo.c                                  0x00000000   Number         0  servo.o ABSOLUTE
    startup_stm32f303xe.s                    0x00000000   Number         0  startup_stm32f303xe.o ABSOLUTE
    stepper.c                                0x00000000   Number         0  stepper.o ABSOLUTE
    system_stm32f3xx.c                       0x00000000   Number         0  system_stm32f3xx.o ABSOLUTE
    RESET                                    0x08000000   Section      404  startup_stm32f303xe.o(RESET)
    !!!main                                  0x08000194   Section        8  __main.o(!!!main)
    !!!scatter                               0x0800019c   Section       52  __scatter.o(!!!scatter)
    !!handler_copy                           0x080001d0   Section       26  __scatter_copy.o(!!handler_copy)
    !!handler_zi                             0x080001ec   Section       28  __scatter_zi.o(!!handler_zi)
    .ARM.Collect$$_printf_percent$$00000000  0x08000208   Section        0  _printf_percent.o(.ARM.Collect$$_printf_percent$$00000000)
    .ARM.Collect$$_printf_percent$$00000001  0x08000208   Section        6  _printf_n.o(.ARM.Collect$$_printf_percent$$00000001)
    .ARM.Collect$$_printf_percent$$00000002  0x0800020e   Section        6  _printf_p.o(.ARM.Collect$$_printf_percent$$00000002)
    .ARM.Collect$$_printf_percent$$00000003  0x08000214   Section        6  _printf_f.o(.ARM.Collect$$_printf_percent$$00000003)
    .ARM.Collect$$_printf_percent$$00000004  0x0800021a   Section        6  _printf_e.o(.ARM.Collect$$_printf_percent$$00000004)
    .ARM.Collect$$_printf_percent$$00000005  0x08000220   Section        6  _printf_g.o(.ARM.Collect$$_printf_percent$$00000005)
    .ARM.Collect$$_printf_percent$$00000006  0x08000226   Section        6  _printf_a.o(.ARM.Collect$$_printf_percent$$00000006)
    .ARM.Collect$$_printf_percent$$00000007  0x0800022c   Section       10  _printf_ll.o(.ARM.Collect$$_printf_percent$$00000007)
    .ARM.Collect$$_printf_percent$$00000008  0x08000236   Section        6  _printf_i.o(.ARM.Collect$$_printf_percent$$00000008)
    .ARM.Collect$$_printf_percent$$00000009  0x0800023c   Section        6  _printf_d.o(.ARM.Collect$$_printf_percent$$00000009)
    .ARM.Collect$$_printf_percent$$0000000A  0x08000242   Section        6  _printf_u.o(.ARM.Collect$$_printf_percent$$0000000A)
    .ARM.Collect$$_printf_percent$$0000000B  0x08000248   Section        6  _printf_o.o(.ARM.Collect$$_printf_percent$$0000000B)
    .ARM.Collect$$_printf_percent$$0000000C  0x0800024e   Section        6  _printf_x.o(.ARM.Collect$$_printf_percent$$0000000C)
    .ARM.Collect$$_printf_percent$$0000000D  0x08000254   Section        6  _printf_lli.o(.ARM.Collect$$_printf_percent$$0000000D)
    .ARM.Collect$$_printf_percent$$0000000E  0x0800025a   Section        6  _printf_lld.o(.ARM.Collect$$_printf_percent$$0000000E)
    .ARM.Collect$$_printf_percent$$0000000F  0x08000260   Section        6  _printf_llu.o(.ARM.Collect$$_printf_percent$$0000000F)
    .ARM.Collect$$_printf_percent$$00000010  0x08000266   Section        6  _printf_llo.o(.ARM.Collect$$_printf_percent$$00000010)
    .ARM.Collect$$_printf_percent$$00000011  0x0800026c   Section        6  _printf_llx.o(.ARM.Collect$$_printf_percent$$00000011)
    .ARM.Collect$$_printf_percent$$00000012  0x08000272   Section       10  _printf_l.o(.ARM.Collect$$_printf_percent$$00000012)
    .ARM.Collect$$_printf_percent$$00000013  0x0800027c   Section        6  _printf_c.o(.ARM.Collect$$_printf_percent$$00000013)
    .ARM.Collect$$_printf_percent$$00000014  0x08000282   Section        6  _printf_s.o(.ARM.Collect$$_printf_percent$$00000014)
    .ARM.Collect$$_printf_percent$$00000015  0x08000288   Section        6  _printf_lc.o(.ARM.Collect$$_printf_percent$$00000015)
    .ARM.Collect$$_printf_percent$$00000016  0x0800028e   Section        6  _printf_ls.o(.ARM.Collect$$_printf_percent$$00000016)
    .ARM.Collect$$_printf_percent$$00000017  0x08000294   Section        4  _printf_percent_end.o(.ARM.Collect$$_printf_percent$$00000017)
    .ARM.Collect$$libinit$$00000000          0x08000298   Section        2  libinit.o(.ARM.Collect$$libinit$$00000000)
    .ARM.Collect$$libinit$$00000001          0x0800029a   Section        4  libinit2.o(.ARM.Collect$$libinit$$00000001)
    .ARM.Collect$$libinit$$00000004          0x0800029e   Section        0  libinit2.o(.ARM.Collect$$libinit$$00000004)
    .ARM.Collect$$libinit$$0000000A          0x0800029e   Section        0  libinit2.o(.ARM.Collect$$libinit$$0000000A)
    .ARM.Collect$$libinit$$0000000C          0x0800029e   Section        0  libinit2.o(.ARM.Collect$$libinit$$0000000C)
    .ARM.Collect$$libinit$$0000000E          0x0800029e   Section        0  libinit2.o(.ARM.Collect$$libinit$$0000000E)
    .ARM.Collect$$libinit$$0000000F          0x0800029e   Section        6  libinit2.o(.ARM.Collect$$libinit$$0000000F)
    .ARM.Collect$$libinit$$00000011          0x080002a4   Section        0  libinit2.o(.ARM.Collect$$libinit$$00000011)
    .ARM.Collect$$libinit$$00000012          0x080002a4   Section       12  libinit2.o(.ARM.Collect$$libinit$$00000012)
    .ARM.Collect$$libinit$$00000013          0x080002b0   Section        0  libinit2.o(.ARM.Collect$$libinit$$00000013)
    .ARM.Collect$$libinit$$00000015          0x080002b0   Section        0  libinit2.o(.ARM.Collect$$libinit$$00000015)
    .ARM.Collect$$libinit$$00000016          0x080002b0   Section       10  libinit2.o(.ARM.Collect$$libinit$$00000016)
    .ARM.Collect$$libinit$$00000017          0x080002ba   Section        0  libinit2.o(.ARM.Collect$$libinit$$00000017)
    .ARM.Collect$$libinit$$00000019          0x080002ba   Section        0  libinit2.o(.ARM.Collect$$libinit$$00000019)
    .ARM.Collect$$libinit$$0000001B          0x080002ba   Section        0  libinit2.o(.ARM.Collect$$libinit$$0000001B)
    .ARM.Collect$$libinit$$0000001D          0x080002ba   Section        0  libinit2.o(.ARM.Collect$$libinit$$0000001D)
    .ARM.Collect$$libinit$$0000001F          0x080002ba   Section        0  libinit2.o(.ARM.Collect$$libinit$$0000001F)
    .ARM.Collect$$libinit$$00000021          0x080002ba   Section        0  libinit2.o(.ARM.Collect$$libinit$$00000021)
    .ARM.Collect$$libinit$$00000023          0x080002ba   Section        0  libinit2.o(.ARM.Collect$$libinit$$00000023)
    .ARM.Collect$$libinit$$00000025          0x080002ba   Section        0  libinit2.o(.ARM.Collect$$libinit$$00000025)
    .ARM.Collect$$libinit$$0000002C          0x080002ba   Section        0  libinit2.o(.ARM.Collect$$libinit$$0000002C)
    .ARM.Collect$$libinit$$0000002E          0x080002ba   Section        0  libinit2.o(.ARM.Collect$$libinit$$0000002E)
    .ARM.Collect$$libinit$$00000030          0x080002ba   Section        0  libinit2.o(.ARM.Collect$$libinit$$00000030)
    .ARM.Collect$$libinit$$00000032          0x080002ba   Section        0  libinit2.o(.ARM.Collect$$libinit$$00000032)
    .ARM.Collect$$libinit$$00000033          0x080002ba   Section        2  libinit2.o(.ARM.Collect$$libinit$$00000033)
    .ARM.Collect$$libshutdown$$00000000      0x080002bc   Section        2  libshutdown.o(.ARM.Collect$$libshutdown$$00000000)
    .ARM.Collect$$libshutdown$$00000002      0x080002be   Section        0  libshutdown2.o(.ARM.Collect$$libshutdown$$00000002)
    .ARM.Collect$$libshutdown$$00000004      0x080002be   Section        0  libshutdown2.o(.ARM.Collect$$libshutdown$$00000004)
    .ARM.Collect$$libshutdown$$00000007      0x080002be   Section        0  libshutdown2.o(.ARM.Collect$$libshutdown$$00000007)
    .ARM.Collect$$libshutdown$$0000000A      0x080002be   Section        0  libshutdown2.o(.ARM.Collect$$libshutdown$$0000000A)
    .ARM.Collect$$libshutdown$$0000000C      0x080002be   Section        0  libshutdown2.o(.ARM.Collect$$libshutdown$$0000000C)
    .ARM.Collect$$libshutdown$$0000000F      0x080002be   Section        0  libshutdown2.o(.ARM.Collect$$libshutdown$$0000000F)
    .ARM.Collect$$libshutdown$$00000010      0x080002be   Section        2  libshutdown2.o(.ARM.Collect$$libshutdown$$00000010)
    .ARM.Collect$$rtentry$$00000000          0x080002c0   Section        0  __rtentry.o(.ARM.Collect$$rtentry$$00000000)
    .ARM.Collect$$rtentry$$00000002          0x080002c0   Section        0  __rtentry2.o(.ARM.Collect$$rtentry$$00000002)
    .ARM.Collect$$rtentry$$00000004          0x080002c0   Section        6  __rtentry4.o(.ARM.Collect$$rtentry$$00000004)
    .ARM.Collect$$rtentry$$00000009          0x080002c6   Section        0  __rtentry2.o(.ARM.Collect$$rtentry$$00000009)
    .ARM.Collect$$rtentry$$0000000A          0x080002c6   Section        4  __rtentry2.o(.ARM.Collect$$rtentry$$0000000A)
    .ARM.Collect$$rtentry$$0000000C          0x080002ca   Section        0  __rtentry2.o(.ARM.Collect$$rtentry$$0000000C)
    .ARM.Collect$$rtentry$$0000000D          0x080002ca   Section        8  __rtentry2.o(.ARM.Collect$$rtentry$$0000000D)
    .ARM.Collect$$rtexit$$00000000           0x080002d2   Section        2  rtexit.o(.ARM.Collect$$rtexit$$00000000)
    .ARM.Collect$$rtexit$$00000002           0x080002d4   Section        0  rtexit2.o(.ARM.Collect$$rtexit$$00000002)
    .ARM.Collect$$rtexit$$00000003           0x080002d4   Section        4  rtexit2.o(.ARM.Collect$$rtexit$$00000003)
    .ARM.Collect$$rtexit$$00000004           0x080002d8   Section        6  rtexit2.o(.ARM.Collect$$rtexit$$00000004)
    $v0                                      0x080002e0   Number         0  startup_stm32f303xe.o(.text)
    .text                                    0x080002e0   Section       64  startup_stm32f303xe.o(.text)
    .text                                    0x08000320   Section        0  vsnprintf.o(.text)
    .text                                    0x08000354   Section        0  heapauxi.o(.text)
    .text                                    0x0800035a   Section        0  _printf_pad.o(.text)
    .text                                    0x080003a8   Section        0  _printf_truncate.o(.text)
    .text                                    0x080003cc   Section        0  _printf_str.o(.text)
    .text                                    0x08000420   Section        0  _printf_dec.o(.text)
    .text                                    0x08000498   Section        0  _printf_charcount.o(.text)
    _printf_input_char                       0x080004c1   Thumb Code    10  _printf_char_common.o(.text)
    .text                                    0x080004c0   Section        0  _printf_char_common.o(.text)
    .text                                    0x080004f0   Section        0  _sputc.o(.text)
    .text                                    0x080004fa   Section        0  _snputc.o(.text)
    .text                                    0x0800050c   Section        0  _printf_wctomb.o(.text)
    .text                                    0x080005c8   Section        0  _printf_longlong_dec.o(.text)
    _printf_longlong_oct_internal            0x08000645   Thumb Code     0  _printf_oct_int_ll.o(.text)
    .text                                    0x08000644   Section        0  _printf_oct_int_ll.o(.text)
    _printf_hex_common                       0x080006b5   Thumb Code     0  _printf_hex_int_ll_ptr.o(.text)
    .text                                    0x080006b4   Section        0  _printf_hex_int_ll_ptr.o(.text)
    .text                                    0x08000748   Section        0  __printf_flags_ss_wp.o(.text)
    .text                                    0x080008d0   Section      138  lludiv10.o(.text)
    .text                                    0x0800095a   Section        0  _printf_intcommon.o(.text)
    _fp_digits                               0x08000a0d   Thumb Code   432  _printf_fp_dec.o(.text)
    .text                                    0x08000a0c   Section        0  _printf_fp_dec.o(.text)
    .text                                    0x08000e28   Section        0  _printf_fp_hex.o(.text)
    .text                                    0x08001124   Section        0  _printf_char.o(.text)
    .text                                    0x08001150   Section        0  _printf_wchar.o(.text)
    .text                                    0x0800117c   Section        0  _c16rtomb.o(.text)
    .text                                    0x080011c4   Section       74  sys_stackheap_outer.o(.text)
    .text                                    0x08001210   Section       16  rt_ctype_table.o(.text)
    .text                                    0x08001220   Section        8  rt_locale_intlibspace.o(.text)
    .text                                    0x08001228   Section        0  _printf_fp_infnan.o(.text)
    .text                                    0x080012a8   Section        0  bigflt0.o(.text)
    .text                                    0x0800138c   Section        0  exit.o(.text)
    .text                                    0x080013a0   Section        8  libspace.o(.text)
    .text                                    0x080013a8   Section      124  strcmpv7em.o(.text)
    .text                                    0x08001424   Section        0  sys_exit.o(.text)
    .text                                    0x08001430   Section        2  use_no_semi.o(.text)
    .text                                    0x08001432   Section        0  indicate_semi.o(.text)
    [Anonymous Symbol]                       0x08001434   Section        0  drive.o(.text.Drive)
    [Anonymous Symbol]                       0x08001468   Section        0  drive.o(.text.DriveSetting)
    [Anonymous Symbol]                       0x080014f8   Section        0  drive.o(.text.Drive_Init)
    [Anonymous Symbol]                       0x08001698   Section        0  interupt.o(.text.EXTI15_10_IRQHandler)
    [Anonymous Symbol]                       0x080016d0   Section        0  lcd.o(.text.LCD_Data)
    [Anonymous Symbol]                       0x08001728   Section        0  lcd.o(.text.LCDcmd)
    [Anonymous Symbol]                       0x08001780   Section        0  lcd.o(.text.LCDprintf)
    [Anonymous Symbol]                       0x080017e0   Section        0  lcd.o(.text.LCDputc)
    [Anonymous Symbol]                       0x080017e8   Section        0  lcd.o(.text.LCDputs)
    [Anonymous Symbol]                       0x08001804   Section        0  led1.o(.text.LED_Toggle)
    [Anonymous Symbol]                       0x08001814   Section        0  servo.o(.text.RCServo_SetAngle)
    [Anonymous Symbol]                       0x08001848   Section        0  stepper.o(.text.Stepper_Init)
    [Anonymous Symbol]                       0x080018c0   Section        0  systick.o(.text.SysTick_Handler)
    [Anonymous Symbol]                       0x080018e0   Section        0  system_stm32f3xx.o(.text.SystemCoreClockUpdate)
    [Anonymous Symbol]                       0x08001938   Section        0  system_stm32f3xx.o(.text.SystemInit)
    [Anonymous Symbol]                       0x080019a8   Section        0  sysclock.o(.text.System_Clock_Init)
    [Anonymous Symbol]                       0x08001a64   Section        0  uart.o(.text.UART2_Init)
    [Anonymous Symbol]                       0x08001b64   Section        0  uart.o(.text.UARTgetc)
    [Anonymous Symbol]                       0x08001b78   Section        0  uart.o(.text.UARTgetc_NP)
    [Anonymous Symbol]                       0x08001b90   Section        0  uart.o(.text.UARTprintf)
    [Anonymous Symbol]                       0x08001bc0   Section        0  uart.o(.text.UARTputc)
    [Anonymous Symbol]                       0x08001bd4   Section        0  uart.o(.text.UARTputs)
    [Anonymous Symbol]                       0x08001bf0   Section        0  stepper.o(.text.Wait_ms)
    __NVIC_EnableIRQ                         0x08001c31   Thumb Code    16  interupt.o(.text.__NVIC_EnableIRQ)
    [Anonymous Symbol]                       0x08001c30   Section        0  interupt.o(.text.__NVIC_EnableIRQ)
    __NVIC_SetPriority                       0x08001c41   Thumb Code    14  interupt.o(.text.__NVIC_SetPriority)
    [Anonymous Symbol]                       0x08001c40   Section        0  interupt.o(.text.__NVIC_SetPriority)
    [Anonymous Symbol]                       0x08001c50   Section        0  keypad.o(.text.debounce)
    [Anonymous Symbol]                       0x08001c94   Section        0  keypad.o(.text.keypad_scan)
    [Anonymous Symbol]                       0x08001db8   Section        0  ledmain1.o(.text.main)
    [Anonymous Symbol]                       0x0800227c   Section        0  stepper.o(.text.stepperSetting)
    [Anonymous Symbol]                       0x080022fc   Section        0  interupt.o(.text.trigger)
    CL$$btod_d2e                             0x08002372   Section       62  btod.o(CL$$btod_d2e)
    CL$$btod_d2e_denorm_low                  0x080023b0   Section       70  btod.o(CL$$btod_d2e_denorm_low)
    CL$$btod_d2e_norm_op1                    0x080023f6   Section       96  btod.o(CL$$btod_d2e_norm_op1)
    CL$$btod_div_common                      0x08002458   Section      824  btod.o(CL$$btod_div_common)
    CL$$btod_e2e                             0x08002790   Section      220  btod.o(CL$$btod_e2e)
    CL$$btod_ediv                            0x0800286c   Section       42  btod.o(CL$$btod_ediv)
    CL$$btod_emul                            0x08002896   Section       42  btod.o(CL$$btod_emul)
    CL$$btod_mult_common                     0x080028c0   Section      580  btod.o(CL$$btod_mult_common)
    i.__ARM_fpclassify                       0x08002b04   Section        0  fpclassify.o(i.__ARM_fpclassify)
    i._is_digit                              0x08002b34   Section        0  __printf_wp.o(i._is_digit)
    locale$$code                             0x08002b44   Section       44  lc_numeric_c.o(locale$$code)
    locale$$code                             0x08002b70   Section       44  lc_ctype_c.o(locale$$code)
    $v0                                      0x08002b9c   Number         0  fpinit.o(x$fpl$fpinit)
    x$fpl$fpinit                             0x08002b9c   Section       26  fpinit.o(x$fpl$fpinit)
    $v0                                      0x08002bb6   Number         0  printf1.o(x$fpl$printf1)
    x$fpl$printf1                            0x08002bb6   Section        4  printf1.o(x$fpl$printf1)
    $v0                                      0x08002bba   Number         0  printf2.o(x$fpl$printf2)
    x$fpl$printf2                            0x08002bba   Section        4  printf2.o(x$fpl$printf2)
    x$fpl$usenofp                            0x08002bbe   Section        0  usenofp.o(x$fpl$usenofp)
    initial_mbstate                          0x08002bc0   Data           8  _printf_wctomb.o(.constdata)
    .constdata                               0x08002bc0   Section        8  _printf_wctomb.o(.constdata)
    uc_hextab                                0x08002bc8   Data          20  _printf_hex_int_ll_ptr.o(.constdata)
    .constdata                               0x08002bc8   Section       40  _printf_hex_int_ll_ptr.o(.constdata)
    lc_hextab                                0x08002bdc   Data          20  _printf_hex_int_ll_ptr.o(.constdata)
    maptable                                 0x08002bf0   Data          17  __printf_flags_ss_wp.o(.constdata)
    .constdata                               0x08002bf0   Section       17  __printf_flags_ss_wp.o(.constdata)
    lc_hextab                                0x08002c01   Data          19  _printf_fp_hex.o(.constdata)
    .constdata                               0x08002c01   Section       38  _printf_fp_hex.o(.constdata)
    uc_hextab                                0x08002c14   Data          19  _printf_fp_hex.o(.constdata)
    tenpwrs_x                                0x08002c28   Data          60  bigflt0.o(.constdata)
    .constdata                               0x08002c28   Section      148  bigflt0.o(.constdata)
    tenpwrs_i                                0x08002c64   Data          64  bigflt0.o(.constdata)
    .L.str.15                                0x08002ccc   Data          16  ledmain1.o(.rodata.str1.1)
    [Anonymous Symbol]                       0x08002ccc   Section        0  ledmain1.o(.rodata.str1.1)
    .L.str.16                                0x08002cdc   Data          17  ledmain1.o(.rodata.str1.1)
    .L.str.17                                0x08002ced   Data          16  ledmain1.o(.rodata.str1.1)
    .L.str.18                                0x08002cfd   Data          17  ledmain1.o(.rodata.str1.1)
    .L.str.20                                0x08002d0e   Data          34  ledmain1.o(.rodata.str1.1)
    .L.str.1                                 0x08002d30   Data          32  ledmain1.o(.rodata.str1.1)
    .L.str.5                                 0x08002d50   Data          18  ledmain1.o(.rodata.str1.1)
    .L.str.3                                 0x08002d62   Data          18  ledmain1.o(.rodata.str1.1)
    .L.str.6                                 0x08002d74   Data          19  ledmain1.o(.rodata.str1.1)
    .L.str.4                                 0x08002d87   Data          19  ledmain1.o(.rodata.str1.1)
    .L.str.19                                0x08002d9a   Data           4  ledmain1.o(.rodata.str1.1)
    .L.str.10                                0x08002d9e   Data          13  ledmain1.o(.rodata.str1.1)
    .L.str.11                                0x08002dab   Data          13  ledmain1.o(.rodata.str1.1)
    .L.str.9                                 0x08002db8   Data          19  ledmain1.o(.rodata.str1.1)
    .L.str.2                                 0x08002dcb   Data          10  ledmain1.o(.rodata.str1.1)
    .L.str.14                                0x08002dd5   Data          10  ledmain1.o(.rodata.str1.1)
    .L.str.7                                 0x08002ddf   Data          23  ledmain1.o(.rodata.str1.1)
    .L.str.8                                 0x08002df6   Data          23  ledmain1.o(.rodata.str1.1)
    .L.str.12                                0x08002e0d   Data          15  ledmain1.o(.rodata.str1.1)
    .L.str.13                                0x08002e1c   Data          16  ledmain1.o(.rodata.str1.1)
    locale$$data                             0x08002e4c   Section       28  lc_numeric_c.o(locale$$data)
    __lcnum_c_name                           0x08002e50   Data           2  lc_numeric_c.o(locale$$data)
    __lcnum_c_start                          0x08002e58   Data           0  lc_numeric_c.o(locale$$data)
    __lcnum_c_point                          0x08002e64   Data           0  lc_numeric_c.o(locale$$data)
    __lcnum_c_thousands                      0x08002e66   Data           0  lc_numeric_c.o(locale$$data)
    __lcnum_c_grouping                       0x08002e67   Data           0  lc_numeric_c.o(locale$$data)
    __lcnum_c_end                            0x08002e68   Data           0  lc_numeric_c.o(locale$$data)
    locale$$data                             0x08002e68   Section      272  lc_ctype_c.o(locale$$data)
    __lcctype_c_name                         0x08002e6c   Data           2  lc_ctype_c.o(locale$$data)
    __lcctype_c_start                        0x08002e74   Data           0  lc_ctype_c.o(locale$$data)
    __lcctype_c_end                          0x08002f78   Data           0  lc_ctype_c.o(locale$$data)
    .bss                                     0x20000008   Section       96  libspace.o(.bss)
    Heap_Mem                                 0x20000068   Data         512  startup_stm32f303xe.o(HEAP)
    HEAP                                     0x20000068   Section      512  startup_stm32f303xe.o(HEAP)
    Stack_Mem                                0x20000268   Data        1024  startup_stm32f303xe.o(STACK)
    STACK                                    0x20000268   Section     1024  startup_stm32f303xe.o(STACK)
    __initial_sp                             0x20000668   Data           0  startup_stm32f303xe.o(STACK)

    Global Symbols

    Symbol Name                              Value     Ov Type        Size  Object(Section)

    BuildAttributes$$THM_ISAv4$E$P$D$K$B$S$7EM$VFPi3$EXTD16$VFPS$VFMA$PE$A:L22UL41UL21$X:L11$S22US41US21$IEEE1$IW$~IW$USESV6$~STKCKD$USESV7$~SHL$OTIME$ROPI$IEEEJ$EBA8$UX$STANDARDLIB$REQ8$PRES8$EABIv2 0x00000000   Number         0  anon$$obj.o ABSOLUTE
    _printf_flags                            0x00000000   Number         0  printf_stubs.o ABSOLUTE
    _printf_return_value                     0x00000000   Number         0  printf_stubs.o ABSOLUTE
    _printf_sizespec                         0x00000000   Number         0  printf_stubs.o ABSOLUTE
    _printf_widthprec                        0x00000000   Number         0  printf_stubs.o ABSOLUTE
    __ARM_exceptions_init                     - Undefined Weak Reference
    __alloca_initialize                       - Undefined Weak Reference
    __arm_preinit_                            - Undefined Weak Reference
    __cpp_initialize__aeabi_                  - Undefined Weak Reference
    __cxa_finalize                            - Undefined Weak Reference
    __sigvec_lookup                           - Undefined Weak Reference
    _atexit_init                              - Undefined Weak Reference
    _call_atexit_fns                          - Undefined Weak Reference
    _clock_init                               - Undefined Weak Reference
    _fp_trap_init                             - Undefined Weak Reference
    _fp_trap_shutdown                         - Undefined Weak Reference
    _get_lc_collate                           - Undefined Weak Reference
    _get_lc_monetary                          - Undefined Weak Reference
    _get_lc_time                              - Undefined Weak Reference
    _getenv_init                              - Undefined Weak Reference
    _handle_redirection                       - Undefined Weak Reference
    _init_alloc                               - Undefined Weak Reference
    _init_user_alloc                          - Undefined Weak Reference
    _initio                                   - Undefined Weak Reference
    _printf_mbtowc                            - Undefined Weak Reference
    _printf_wc                                - Undefined Weak Reference
    _rand_init                                - Undefined Weak Reference
    _signal_finish                            - Undefined Weak Reference
    _signal_init                              - Undefined Weak Reference
    _terminate_alloc                          - Undefined Weak Reference
    _terminate_user_alloc                     - Undefined Weak Reference
    _terminateio                              - Undefined Weak Reference
    __Vectors_Size                           0x00000194   Number         0  startup_stm32f303xe.o ABSOLUTE
    __Vectors                                0x08000000   Data           4  startup_stm32f303xe.o(RESET)
    __Vectors_End                            0x08000194   Data           0  startup_stm32f303xe.o(RESET)
    __main                                   0x08000195   Thumb Code     8  __main.o(!!!main)
    __scatterload                            0x0800019d   Thumb Code     0  __scatter.o(!!!scatter)
    __scatterload_rt2                        0x0800019d   Thumb Code    44  __scatter.o(!!!scatter)
    __scatterload_rt2_thumb_only             0x0800019d   Thumb Code     0  __scatter.o(!!!scatter)
    __scatterload_null                       0x080001ab   Thumb Code     0  __scatter.o(!!!scatter)
    __scatterload_copy                       0x080001d1   Thumb Code    26  __scatter_copy.o(!!handler_copy)
    __scatterload_zeroinit                   0x080001ed   Thumb Code    28  __scatter_zi.o(!!handler_zi)
    _printf_n                                0x08000209   Thumb Code     0  _printf_n.o(.ARM.Collect$$_printf_percent$$00000001)
    _printf_percent                          0x08000209   Thumb Code     0  _printf_percent.o(.ARM.Collect$$_printf_percent$$00000000)
    _printf_p                                0x0800020f   Thumb Code     0  _printf_p.o(.ARM.Collect$$_printf_percent$$00000002)
    _printf_f                                0x08000215   Thumb Code     0  _printf_f.o(.ARM.Collect$$_printf_percent$$00000003)
    _printf_e                                0x0800021b   Thumb Code     0  _printf_e.o(.ARM.Collect$$_printf_percent$$00000004)
    _printf_g                                0x08000221   Thumb Code     0  _printf_g.o(.ARM.Collect$$_printf_percent$$00000005)
    _printf_a                                0x08000227   Thumb Code     0  _printf_a.o(.ARM.Collect$$_printf_percent$$00000006)
    _printf_ll                               0x0800022d   Thumb Code     0  _printf_ll.o(.ARM.Collect$$_printf_percent$$00000007)
    _printf_i                                0x08000237   Thumb Code     0  _printf_i.o(.ARM.Collect$$_printf_percent$$00000008)
    _printf_d                                0x0800023d   Thumb Code     0  _printf_d.o(.ARM.Collect$$_printf_percent$$00000009)
    _printf_u                                0x08000243   Thumb Code     0  _printf_u.o(.ARM.Collect$$_printf_percent$$0000000A)
    _printf_o                                0x08000249   Thumb Code     0  _printf_o.o(.ARM.Collect$$_printf_percent$$0000000B)
    _printf_x                                0x0800024f   Thumb Code     0  _printf_x.o(.ARM.Collect$$_printf_percent$$0000000C)
    _printf_lli                              0x08000255   Thumb Code     0  _printf_lli.o(.ARM.Collect$$_printf_percent$$0000000D)
    _printf_lld                              0x0800025b   Thumb Code     0  _printf_lld.o(.ARM.Collect$$_printf_percent$$0000000E)
    _printf_llu                              0x08000261   Thumb Code     0  _printf_llu.o(.ARM.Collect$$_printf_percent$$0000000F)
    _printf_llo                              0x08000267   Thumb Code     0  _printf_llo.o(.ARM.Collect$$_printf_percent$$00000010)
    _printf_llx                              0x0800026d   Thumb Code     0  _printf_llx.o(.ARM.Collect$$_printf_percent$$00000011)
    _printf_l                                0x08000273   Thumb Code     0  _printf_l.o(.ARM.Collect$$_printf_percent$$00000012)
    _printf_c                                0x0800027d   Thumb Code     0  _printf_c.o(.ARM.Collect$$_printf_percent$$00000013)
    _printf_s                                0x08000283   Thumb Code     0  _printf_s.o(.ARM.Collect$$_printf_percent$$00000014)
    _printf_lc                               0x08000289   Thumb Code     0  _printf_lc.o(.ARM.Collect$$_printf_percent$$00000015)
    _printf_ls                               0x0800028f   Thumb Code     0  _printf_ls.o(.ARM.Collect$$_printf_percent$$00000016)
    _printf_percent_end                      0x08000295   Thumb Code     0  _printf_percent_end.o(.ARM.Collect$$_printf_percent$$00000017)
    __rt_lib_init                            0x08000299   Thumb Code     0  libinit.o(.ARM.Collect$$libinit$$00000000)
    __rt_lib_init_fp_1                       0x0800029b   Thumb Code     0  libinit2.o(.ARM.Collect$$libinit$$00000001)
    __rt_lib_init_heap_1                     0x0800029f   Thumb Code     0  libinit2.o(.ARM.Collect$$libinit$$0000000A)
    __rt_lib_init_lc_common                  0x0800029f   Thumb Code     0  libinit2.o(.ARM.Collect$$libinit$$0000000F)
    __rt_lib_init_preinit_1                  0x0800029f   Thumb Code     0  libinit2.o(.ARM.Collect$$libinit$$00000004)
    __rt_lib_init_rand_1                     0x0800029f   Thumb Code     0  libinit2.o(.ARM.Collect$$libinit$$0000000E)
    __rt_lib_init_user_alloc_1               0x0800029f   Thumb Code     0  libinit2.o(.ARM.Collect$$libinit$$0000000C)
    __rt_lib_init_lc_collate_1               0x080002a5   Thumb Code     0  libinit2.o(.ARM.Collect$$libinit$$00000011)
    __rt_lib_init_lc_ctype_2                 0x080002a5   Thumb Code     0  libinit2.o(.ARM.Collect$$libinit$$00000012)
    __rt_lib_init_lc_ctype_1                 0x080002b1   Thumb Code     0  libinit2.o(.ARM.Collect$$libinit$$00000013)
    __rt_lib_init_lc_monetary_1              0x080002b1   Thumb Code     0  libinit2.o(.ARM.Collect$$libinit$$00000015)
    __rt_lib_init_lc_numeric_2               0x080002b1   Thumb Code     0  libinit2.o(.ARM.Collect$$libinit$$00000016)
    __rt_lib_init_alloca_1                   0x080002bb   Thumb Code     0  libinit2.o(.ARM.Collect$$libinit$$0000002E)
    __rt_lib_init_argv_1                     0x080002bb   Thumb Code     0  libinit2.o(.ARM.Collect$$libinit$$0000002C)
    __rt_lib_init_atexit_1                   0x080002bb   Thumb Code     0  libinit2.o(.ARM.Collect$$libinit$$0000001B)
    __rt_lib_init_clock_1                    0x080002bb   Thumb Code     0  libinit2.o(.ARM.Collect$$libinit$$00000021)
    __rt_lib_init_cpp_1                      0x080002bb   Thumb Code     0  libinit2.o(.ARM.Collect$$libinit$$00000032)
    __rt_lib_init_exceptions_1               0x080002bb   Thumb Code     0  libinit2.o(.ARM.Collect$$libinit$$00000030)
    __rt_lib_init_fp_trap_1                  0x080002bb   Thumb Code     0  libinit2.o(.ARM.Collect$$libinit$$0000001F)
    __rt_lib_init_getenv_1                   0x080002bb   Thumb Code     0  libinit2.o(.ARM.Collect$$libinit$$00000023)
    __rt_lib_init_lc_numeric_1               0x080002bb   Thumb Code     0  libinit2.o(.ARM.Collect$$libinit$$00000017)
    __rt_lib_init_lc_time_1                  0x080002bb   Thumb Code     0  libinit2.o(.ARM.Collect$$libinit$$00000019)
    __rt_lib_init_return                     0x080002bb   Thumb Code     0  libinit2.o(.ARM.Collect$$libinit$$00000033)
    __rt_lib_init_signal_1                   0x080002bb   Thumb Code     0  libinit2.o(.ARM.Collect$$libinit$$0000001D)
    __rt_lib_init_stdio_1                    0x080002bb   Thumb Code     0  libinit2.o(.ARM.Collect$$libinit$$00000025)
    __rt_lib_shutdown                        0x080002bd   Thumb Code     0  libshutdown.o(.ARM.Collect$$libshutdown$$00000000)
    __rt_lib_shutdown_cpp_1                  0x080002bf   Thumb Code     0  libshutdown2.o(.ARM.Collect$$libshutdown$$00000002)
    __rt_lib_shutdown_fp_trap_1              0x080002bf   Thumb Code     0  libshutdown2.o(.ARM.Collect$$libshutdown$$00000007)
    __rt_lib_shutdown_heap_1                 0x080002bf   Thumb Code     0  libshutdown2.o(.ARM.Collect$$libshutdown$$0000000F)
    __rt_lib_shutdown_return                 0x080002bf   Thumb Code     0  libshutdown2.o(.ARM.Collect$$libshutdown$$00000010)
    __rt_lib_shutdown_signal_1               0x080002bf   Thumb Code     0  libshutdown2.o(.ARM.Collect$$libshutdown$$0000000A)
    __rt_lib_shutdown_stdio_1                0x080002bf   Thumb Code     0  libshutdown2.o(.ARM.Collect$$libshutdown$$00000004)
    __rt_lib_shutdown_user_alloc_1           0x080002bf   Thumb Code     0  libshutdown2.o(.ARM.Collect$$libshutdown$$0000000C)
    __rt_entry                               0x080002c1   Thumb Code     0  __rtentry.o(.ARM.Collect$$rtentry$$00000000)
    __rt_entry_presh_1                       0x080002c1   Thumb Code     0  __rtentry2.o(.ARM.Collect$$rtentry$$00000002)
    __rt_entry_sh                            0x080002c1   Thumb Code     0  __rtentry4.o(.ARM.Collect$$rtentry$$00000004)
    __rt_entry_li                            0x080002c7   Thumb Code     0  __rtentry2.o(.ARM.Collect$$rtentry$$0000000A)
    __rt_entry_postsh_1                      0x080002c7   Thumb Code     0  __rtentry2.o(.ARM.Collect$$rtentry$$00000009)
    __rt_entry_main                          0x080002cb   Thumb Code     0  __rtentry2.o(.ARM.Collect$$rtentry$$0000000D)
    __rt_entry_postli_1                      0x080002cb   Thumb Code     0  __rtentry2.o(.ARM.Collect$$rtentry$$0000000C)
    __rt_exit                                0x080002d3   Thumb Code     0  rtexit.o(.ARM.Collect$$rtexit$$00000000)
    __rt_exit_ls                             0x080002d5   Thumb Code     0  rtexit2.o(.ARM.Collect$$rtexit$$00000003)
    __rt_exit_prels_1                        0x080002d5   Thumb Code     0  rtexit2.o(.ARM.Collect$$rtexit$$00000002)
    __rt_exit_exit                           0x080002d9   Thumb Code     0  rtexit2.o(.ARM.Collect$$rtexit$$00000004)
    Reset_Handler                            0x080002e1   Thumb Code     8  startup_stm32f303xe.o(.text)
    NMI_Handler                              0x080002e9   Thumb Code     2  startup_stm32f303xe.o(.text)
    HardFault_Handler                        0x080002eb   Thumb Code     2  startup_stm32f303xe.o(.text)
    MemManage_Handler                        0x080002ed   Thumb Code     2  startup_stm32f303xe.o(.text)
    BusFault_Handler                         0x080002ef   Thumb Code     2  startup_stm32f303xe.o(.text)
    UsageFault_Handler                       0x080002f1   Thumb Code     2  startup_stm32f303xe.o(.text)
    SVC_Handler                              0x080002f3   Thumb Code     2  startup_stm32f303xe.o(.text)
    DebugMon_Handler                         0x080002f5   Thumb Code     2  startup_stm32f303xe.o(.text)
    PendSV_Handler                           0x080002f7   Thumb Code     2  startup_stm32f303xe.o(.text)
    ADC1_2_IRQHandler                        0x080002fb   Thumb Code     0  startup_stm32f303xe.o(.text)
    ADC3_IRQHandler                          0x080002fb   Thumb Code     0  startup_stm32f303xe.o(.text)
    ADC4_IRQHandler                          0x080002fb   Thumb Code     0  startup_stm32f303xe.o(.text)
    CAN_RX1_IRQHandler                       0x080002fb   Thumb Code     0  startup_stm32f303xe.o(.text)
    CAN_SCE_IRQHandler                       0x080002fb   Thumb Code     0  startup_stm32f303xe.o(.text)
    COMP1_2_3_IRQHandler                     0x080002fb   Thumb Code     0  startup_stm32f303xe.o(.text)
    COMP4_5_6_IRQHandler                     0x080002fb   Thumb Code     0  startup_stm32f303xe.o(.text)
    COMP7_IRQHandler                         0x080002fb   Thumb Code     0  startup_stm32f303xe.o(.text)
    DMA1_Channel1_IRQHandler                 0x080002fb   Thumb Code     0  startup_stm32f303xe.o(.text)
    DMA1_Channel2_IRQHandler                 0x080002fb   Thumb Code     0  startup_stm32f303xe.o(.text)
    DMA1_Channel3_IRQHandler                 0x080002fb   Thumb Code     0  startup_stm32f303xe.o(.text)
    DMA1_Channel4_IRQHandler                 0x080002fb   Thumb Code     0  startup_stm32f303xe.o(.text)
    DMA1_Channel5_IRQHandler                 0x080002fb   Thumb Code     0  startup_stm32f303xe.o(.text)
    DMA1_Channel6_IRQHandler                 0x080002fb   Thumb Code     0  startup_stm32f303xe.o(.text)
    DMA1_Channel7_IRQHandler                 0x080002fb   Thumb Code     0  startup_stm32f303xe.o(.text)
    DMA2_Channel1_IRQHandler                 0x080002fb   Thumb Code     0  startup_stm32f303xe.o(.text)
    DMA2_Channel2_IRQHandler                 0x080002fb   Thumb Code     0  startup_stm32f303xe.o(.text)
    DMA2_Channel3_IRQHandler                 0x080002fb   Thumb Code     0  startup_stm32f303xe.o(.text)
    DMA2_Channel4_IRQHandler                 0x080002fb   Thumb Code     0  startup_stm32f303xe.o(.text)
    DMA2_Channel5_IRQHandler                 0x080002fb   Thumb Code     0  startup_stm32f303xe.o(.text)
    EXTI0_IRQHandler                         0x080002fb   Thumb Code     0  startup_stm32f303xe.o(.text)
    EXTI1_IRQHandler                         0x080002fb   Thumb Code     0  startup_stm32f303xe.o(.text)
    EXTI2_TSC_IRQHandler                     0x080002fb   Thumb Code     0  startup_stm32f303xe.o(.text)
    EXTI3_IRQHandler                         0x080002fb   Thumb Code     0  startup_stm32f303xe.o(.text)
    EXTI4_IRQHandler                         0x080002fb   Thumb Code     0  startup_stm32f303xe.o(.text)
    EXTI9_5_IRQHandler                       0x080002fb   Thumb Code     0  startup_stm32f303xe.o(.text)
    FLASH_IRQHandler                         0x080002fb   Thumb Code     0  startup_stm32f303xe.o(.text)
    FMC_IRQHandler                           0x080002fb   Thumb Code     0  startup_stm32f303xe.o(.text)
    FPU_IRQHandler                           0x080002fb   Thumb Code     0  startup_stm32f303xe.o(.text)
    I2C1_ER_IRQHandler                       0x080002fb   Thumb Code     0  startup_stm32f303xe.o(.text)
    I2C1_EV_IRQHandler                       0x080002fb   Thumb Code     0  startup_stm32f303xe.o(.text)
    I2C2_ER_IRQHandler                       0x080002fb   Thumb Code     0  startup_stm32f303xe.o(.text)
    I2C2_EV_IRQHandler                       0x080002fb   Thumb Code     0  startup_stm32f303xe.o(.text)
    I2C3_ER_IRQHandler                       0x080002fb   Thumb Code     0  startup_stm32f303xe.o(.text)
    I2C3_EV_IRQHandler                       0x080002fb   Thumb Code     0  startup_stm32f303xe.o(.text)
    PVD_IRQHandler                           0x080002fb   Thumb Code     0  startup_stm32f303xe.o(.text)
    RCC_IRQHandler                           0x080002fb   Thumb Code     0  startup_stm32f303xe.o(.text)
    RTC_Alarm_IRQHandler                     0x080002fb   Thumb Code     0  startup_stm32f303xe.o(.text)
    RTC_WKUP_IRQHandler                      0x080002fb   Thumb Code     0  startup_stm32f303xe.o(.text)
    SPI1_IRQHandler                          0x080002fb   Thumb Code     0  startup_stm32f303xe.o(.text)
    SPI2_IRQHandler                          0x080002fb   Thumb Code     0  startup_stm32f303xe.o(.text)
    SPI3_IRQHandler                          0x080002fb   Thumb Code     0  startup_stm32f303xe.o(.text)
    SPI4_IRQHandler                          0x080002fb   Thumb Code     0  startup_stm32f303xe.o(.text)
    TAMP_STAMP_IRQHandler                    0x080002fb   Thumb Code     0  startup_stm32f303xe.o(.text)
    TIM1_BRK_TIM15_IRQHandler                0x080002fb   Thumb Code     0  startup_stm32f303xe.o(.text)
    TIM1_CC_IRQHandler                       0x080002fb   Thumb Code     0  startup_stm32f303xe.o(.text)
    TIM1_TRG_COM_TIM17_IRQHandler            0x080002fb   Thumb Code     0  startup_stm32f303xe.o(.text)
    TIM1_UP_TIM16_IRQHandler                 0x080002fb   Thumb Code     0  startup_stm32f303xe.o(.text)
    TIM20_BRK_IRQHandler                     0x080002fb   Thumb Code     0  startup_stm32f303xe.o(.text)
    TIM20_CC_IRQHandler                      0x080002fb   Thumb Code     0  startup_stm32f303xe.o(.text)
    TIM20_TRG_COM_IRQHandler                 0x080002fb   Thumb Code     0  startup_stm32f303xe.o(.text)
    TIM20_UP_IRQHandler                      0x080002fb   Thumb Code     0  startup_stm32f303xe.o(.text)
    TIM2_IRQHandler                          0x080002fb   Thumb Code     0  startup_stm32f303xe.o(.text)
    TIM3_IRQHandler                          0x080002fb   Thumb Code     0  startup_stm32f303xe.o(.text)
    TIM4_IRQHandler                          0x080002fb   Thumb Code     0  startup_stm32f303xe.o(.text)
    TIM6_DAC_IRQHandler                      0x080002fb   Thumb Code     0  startup_stm32f303xe.o(.text)
    TIM7_IRQHandler                          0x080002fb   Thumb Code     0  startup_stm32f303xe.o(.text)
    TIM8_BRK_IRQHandler                      0x080002fb   Thumb Code     0  startup_stm32f303xe.o(.text)
    TIM8_CC_IRQHandler                       0x080002fb   Thumb Code     0  startup_stm32f303xe.o(.text)
    TIM8_TRG_COM_IRQHandler                  0x080002fb   Thumb Code     0  startup_stm32f303xe.o(.text)
    TIM8_UP_IRQHandler                       0x080002fb   Thumb Code     0  startup_stm32f303xe.o(.text)
    UART4_IRQHandler                         0x080002fb   Thumb Code     0  startup_stm32f303xe.o(.text)
    UART5_IRQHandler                         0x080002fb   Thumb Code     0  startup_stm32f303xe.o(.text)
    USART1_IRQHandler                        0x080002fb   Thumb Code     0  startup_stm32f303xe.o(.text)
    USART2_IRQHandler                        0x080002fb   Thumb Code     0  startup_stm32f303xe.o(.text)
    USART3_IRQHandler                        0x080002fb   Thumb Code     0  startup_stm32f303xe.o(.text)
    USBWakeUp_IRQHandler                     0x080002fb   Thumb Code     0  startup_stm32f303xe.o(.text)
    USBWakeUp_RMP_IRQHandler                 0x080002fb   Thumb Code     0  startup_stm32f303xe.o(.text)
    USB_HP_CAN_TX_IRQHandler                 0x080002fb   Thumb Code     0  startup_stm32f303xe.o(.text)
    USB_HP_IRQHandler                        0x080002fb   Thumb Code     0  startup_stm32f303xe.o(.text)
    USB_LP_CAN_RX0_IRQHandler                0x080002fb   Thumb Code     0  startup_stm32f303xe.o(.text)
    USB_LP_IRQHandler                        0x080002fb   Thumb Code     0  startup_stm32f303xe.o(.text)
    WWDG_IRQHandler                          0x080002fb   Thumb Code     0  startup_stm32f303xe.o(.text)
    __user_initial_stackheap                 0x080002fd   Thumb Code     0  startup_stm32f303xe.o(.text)
    vsnprintf                                0x08000321   Thumb Code    48  vsnprintf.o(.text)
    __use_two_region_memory                  0x08000355   Thumb Code     2  heapauxi.o(.text)
    __rt_heap_escrow$2region                 0x08000357   Thumb Code     2  heapauxi.o(.text)
    __rt_heap_expand$2region                 0x08000359   Thumb Code     2  heapauxi.o(.text)
    _printf_pre_padding                      0x0800035b   Thumb Code    44  _printf_pad.o(.text)
    _printf_post_padding                     0x08000387   Thumb Code    34  _printf_pad.o(.text)
    _printf_truncate_signed                  0x080003a9   Thumb Code    18  _printf_truncate.o(.text)
    _printf_truncate_unsigned                0x080003bb   Thumb Code    18  _printf_truncate.o(.text)
    _printf_str                              0x080003cd   Thumb Code    82  _printf_str.o(.text)
    _printf_int_dec                          0x08000421   Thumb Code   104  _printf_dec.o(.text)
    _printf_charcount                        0x08000499   Thumb Code    40  _printf_charcount.o(.text)
    _printf_char_common                      0x080004cb   Thumb Code    32  _printf_char_common.o(.text)
    _sputc                                   0x080004f1   Thumb Code    10  _sputc.o(.text)
    _snputc                                  0x080004fb   Thumb Code    16  _snputc.o(.text)
    _printf_wctomb                           0x0800050d   Thumb Code   182  _printf_wctomb.o(.text)
    _printf_longlong_dec                     0x080005c9   Thumb Code   108  _printf_longlong_dec.o(.text)
    _printf_longlong_oct                     0x08000645   Thumb Code    68  _printf_oct_int_ll.o(.text)
    _printf_int_oct                          0x08000689   Thumb Code    24  _printf_oct_int_ll.o(.text)
    _printf_ll_oct                           0x080006a1   Thumb Code    12  _printf_oct_int_ll.o(.text)
    _printf_longlong_hex                     0x080006b5   Thumb Code    86  _printf_hex_int_ll_ptr.o(.text)
    _printf_int_hex                          0x0800070b   Thumb Code    28  _printf_hex_int_ll_ptr.o(.text)
    _printf_ll_hex                           0x08000727   Thumb Code    12  _printf_hex_int_ll_ptr.o(.text)
    _printf_hex_ptr                          0x08000733   Thumb Code    18  _printf_hex_int_ll_ptr.o(.text)
    __printf                                 0x08000749   Thumb Code   388  __printf_flags_ss_wp.o(.text)
    _ll_udiv10                               0x080008d1   Thumb Code   138  lludiv10.o(.text)
    _printf_int_common                       0x0800095b   Thumb Code   178  _printf_intcommon.o(.text)
    _printf_fp_dec_real                      0x08000bbd   Thumb Code   620  _printf_fp_dec.o(.text)
    _printf_fp_hex_real                      0x08000e29   Thumb Code   756  _printf_fp_hex.o(.text)
    _printf_cs_common                        0x08001125   Thumb Code    20  _printf_char.o(.text)
    _printf_char                             0x08001139   Thumb Code    16  _printf_char.o(.text)
    _printf_string                           0x08001149   Thumb Code     8  _printf_char.o(.text)
    _printf_lcs_common                       0x08001151   Thumb Code    20  _printf_wchar.o(.text)
    _printf_wchar                            0x08001165   Thumb Code    16  _printf_wchar.o(.text)
    _printf_wstring                          0x08001175   Thumb Code     8  _printf_wchar.o(.text)
    _c16rtomb                                0x0800117d   Thumb Code    72  _c16rtomb.o(.text)
    _wcrtomb                                 0x0800117d   Thumb Code     0  _c16rtomb.o(.text)
    __user_setup_stackheap                   0x080011c5   Thumb Code    74  sys_stackheap_outer.o(.text)
    __rt_ctype_table                         0x08001211   Thumb Code    16  rt_ctype_table.o(.text)
    __rt_locale                              0x08001221   Thumb Code     8  rt_locale_intlibspace.o(.text)
    _printf_fp_infnan                        0x08001229   Thumb Code   112  _printf_fp_infnan.o(.text)
    _btod_etento                             0x080012a9   Thumb Code   224  bigflt0.o(.text)
    exit                                     0x0800138d   Thumb Code    18  exit.o(.text)
    __user_libspace                          0x080013a1   Thumb Code     8  libspace.o(.text)
    __user_perproc_libspace                  0x080013a1   Thumb Code     0  libspace.o(.text)
    __user_perthread_libspace                0x080013a1   Thumb Code     0  libspace.o(.text)
    strcmp                                   0x080013a9   Thumb Code   124  strcmpv7em.o(.text)
    _sys_exit                                0x08001425   Thumb Code     8  sys_exit.o(.text)
    __I$use$semihosting                      0x08001431   Thumb Code     0  use_no_semi.o(.text)
    __use_no_semihosting_swi                 0x08001431   Thumb Code     2  use_no_semi.o(.text)
    __semihosting_library_function           0x08001433   Thumb Code     0  indicate_semi.o(.text)
    Drive                                    0x08001435   Thumb Code    50  drive.o(.text.Drive)
    DriveSetting                             0x08001469   Thumb Code   144  drive.o(.text.DriveSetting)
    Drive_Init                               0x080014f9   Thumb Code   416  drive.o(.text.Drive_Init)
    EXTI15_10_IRQHandler                     0x08001699   Thumb Code    40  interupt.o(.text.EXTI15_10_IRQHandler)
    LCD_Data                                 0x080016d1   Thumb Code    86  lcd.o(.text.LCD_Data)
    LCDcmd                                   0x08001729   Thumb Code    86  lcd.o(.text.LCDcmd)
    LCDprintf                                0x08001781   Thumb Code    94  lcd.o(.text.LCDprintf)
    LCDputc                                  0x080017e1   Thumb Code     8  lcd.o(.text.LCDputc)
    LCDputs                                  0x080017e9   Thumb Code    28  lcd.o(.text.LCDputs)
    LED_Toggle                               0x08001805   Thumb Code    16  led1.o(.text.LED_Toggle)
    RCServo_SetAngle                         0x08001815   Thumb Code    50  servo.o(.text.RCServo_SetAngle)
    Stepper_Init                             0x08001849   Thumb Code   118  stepper.o(.text.Stepper_Init)
    SysTick_Handler                          0x080018c1   Thumb Code    16  systick.o(.text.SysTick_Handler)
    SystemCoreClockUpdate                    0x080018e1   Thumb Code    86  system_stm32f3xx.o(.text.SystemCoreClockUpdate)
    SystemInit                               0x08001939   Thumb Code   112  system_stm32f3xx.o(.text.SystemInit)
    System_Clock_Init                        0x080019a9   Thumb Code   188  sysclock.o(.text.System_Clock_Init)
    UART2_Init                               0x08001a65   Thumb Code   256  uart.o(.text.UART2_Init)
    UARTgetc                                 0x08001b65   Thumb Code    20  uart.o(.text.UARTgetc)
    UARTgetc_NP                              0x08001b79   Thumb Code    22  uart.o(.text.UARTgetc_NP)
    UARTprintf                               0x08001b91   Thumb Code    46  uart.o(.text.UARTprintf)
    UARTputc                                 0x08001bc1   Thumb Code    18  uart.o(.text.UARTputc)
    UARTputs                                 0x08001bd5   Thumb Code    28  uart.o(.text.UARTputs)
    Wait_ms                                  0x08001bf1   Thumb Code    64  stepper.o(.text.Wait_ms)
    debounce                                 0x08001c51   Thumb Code    66  keypad.o(.text.debounce)
    keypad_scan                              0x08001c95   Thumb Code   268  keypad.o(.text.keypad_scan)
    main                                     0x08001db9   Thumb Code  1176  ledmain1.o(.text.main)
    stepperSetting                           0x0800227d   Thumb Code   128  stepper.o(.text.stepperSetting)
    trigger                                  0x080022fd   Thumb Code   118  interupt.o(.text.trigger)
    _btod_d2e                                0x08002373   Thumb Code    62  btod.o(CL$$btod_d2e)
    _d2e_denorm_low                          0x080023b1   Thumb Code    70  btod.o(CL$$btod_d2e_denorm_low)
    _d2e_norm_op1                            0x080023f7   Thumb Code    96  btod.o(CL$$btod_d2e_norm_op1)
    __btod_div_common                        0x08002459   Thumb Code   696  btod.o(CL$$btod_div_common)
    _e2e                                     0x08002791   Thumb Code   220  btod.o(CL$$btod_e2e)
    _btod_ediv                               0x0800286d   Thumb Code    42  btod.o(CL$$btod_ediv)
    _btod_emul                               0x08002897   Thumb Code    42  btod.o(CL$$btod_emul)
    __btod_mult_common                       0x080028c1   Thumb Code   580  btod.o(CL$$btod_mult_common)
    __ARM_fpclassify                         0x08002b05   Thumb Code    48  fpclassify.o(i.__ARM_fpclassify)
    _is_digit                                0x08002b35   Thumb Code    14  __printf_wp.o(i._is_digit)
    _get_lc_numeric                          0x08002b45   Thumb Code    44  lc_numeric_c.o(locale$$code)
    _get_lc_ctype                            0x08002b71   Thumb Code    44  lc_ctype_c.o(locale$$code)
    _fp_init                                 0x08002b9d   Thumb Code    26  fpinit.o(x$fpl$fpinit)
    __fplib_config_fpu_vfp                   0x08002bb5   Thumb Code     0  fpinit.o(x$fpl$fpinit)
    __fplib_config_pureend_doubles           0x08002bb5   Thumb Code     0  fpinit.o(x$fpl$fpinit)
    _printf_fp_dec                           0x08002bb7   Thumb Code     4  printf1.o(x$fpl$printf1)
    _printf_fp_hex                           0x08002bbb   Thumb Code     4  printf2.o(x$fpl$printf2)
    __I$use$fp                               0x08002bbe   Number         0  usenofp.o(x$fpl$usenofp)
    AHBPrescTable                            0x08002cbc   Data          16  system_stm32f3xx.o(.rodata.AHBPrescTable)
    Region$$Table$$Base                      0x08002e2c   Number         0  anon$$obj.o(Region$$Table)
    Region$$Table$$Limit                     0x08002e4c   Number         0  anon$$obj.o(Region$$Table)
    __ctype                                  0x08002e75   Data           0  lc_ctype_c.o(locale$$data)
    SystemCoreClock                          0x20000000   Data           4  system_stm32f3xx.o(.data.SystemCoreClock)
    __libspace_start                         0x20000008   Data          96  libspace.o(.bss)
    __temporary_stack_top$libspace           0x20000068   Data           0  libspace.o(.bss)



==============================================================================

Memory Map of the image

  Image Entry point : 0x080002e1

  Load Region LR_1 (Base: 0x08000000, Size: 0x00002f7c, Max: 0xffffffff, ABSOLUTE)

    Execution Region ER_RO (Exec base: 0x08000000, Load base: 0x08000000, Size: 0x00002f78, Max: 0xffffffff, ABSOLUTE)

    Exec Addr    Load Addr    Size         Type   Attr      Idx    E Section Name        Object

    0x08000000   0x08000000   0x00000194   Data   RO           25    RESET               startup_stm32f303xe.o
    0x08000194   0x08000194   0x00000008   Code   RO          189  * !!!main             c_w.l(__main.o)
    0x0800019c   0x0800019c   0x00000034   Code   RO          526    !!!scatter          c_w.l(__scatter.o)
    0x080001d0   0x080001d0   0x0000001a   Code   RO          528    !!handler_copy      c_w.l(__scatter_copy.o)
    0x080001ea   0x080001ea   0x00000002   PAD
    0x080001ec   0x080001ec   0x0000001c   Code   RO          530    !!handler_zi        c_w.l(__scatter_zi.o)
    0x08000208   0x08000208   0x00000000   Code   RO          275    .ARM.Collect$$_printf_percent$$00000000  c_w.l(_printf_percent.o)
    0x08000208   0x08000208   0x00000006   Code   RO          264    .ARM.Collect$$_printf_percent$$00000001  c_w.l(_printf_n.o)
    0x0800020e   0x0800020e   0x00000006   Code   RO          266    .ARM.Collect$$_printf_percent$$00000002  c_w.l(_printf_p.o)
    0x08000214   0x08000214   0x00000006   Code   RO          271    .ARM.Collect$$_printf_percent$$00000003  c_w.l(_printf_f.o)
    0x0800021a   0x0800021a   0x00000006   Code   RO          272    .ARM.Collect$$_printf_percent$$00000004  c_w.l(_printf_e.o)
    0x08000220   0x08000220   0x00000006   Code   RO          273    .ARM.Collect$$_printf_percent$$00000005  c_w.l(_printf_g.o)
    0x08000226   0x08000226   0x00000006   Code   RO          274    .ARM.Collect$$_printf_percent$$00000006  c_w.l(_printf_a.o)
    0x0800022c   0x0800022c   0x0000000a   Code   RO          279    .ARM.Collect$$_printf_percent$$00000007  c_w.l(_printf_ll.o)
    0x08000236   0x08000236   0x00000006   Code   RO          268    .ARM.Collect$$_printf_percent$$00000008  c_w.l(_printf_i.o)
    0x0800023c   0x0800023c   0x00000006   Code   RO          269    .ARM.Collect$$_printf_percent$$00000009  c_w.l(_printf_d.o)
    0x08000242   0x08000242   0x00000006   Code   RO          270    .ARM.Collect$$_printf_percent$$0000000A  c_w.l(_printf_u.o)
    0x08000248   0x08000248   0x00000006   Code   RO          267    .ARM.Collect$$_printf_percent$$0000000B  c_w.l(_printf_o.o)
    0x0800024e   0x0800024e   0x00000006   Code   RO          265    .ARM.Collect$$_printf_percent$$0000000C  c_w.l(_printf_x.o)
    0x08000254   0x08000254   0x00000006   Code   RO          276    .ARM.Collect$$_printf_percent$$0000000D  c_w.l(_printf_lli.o)
    0x0800025a   0x0800025a   0x00000006   Code   RO          277    .ARM.Collect$$_printf_percent$$0000000E  c_w.l(_printf_lld.o)
    0x08000260   0x08000260   0x00000006   Code   RO          278    .ARM.Collect$$_printf_percent$$0000000F  c_w.l(_printf_llu.o)
    0x08000266   0x08000266   0x00000006   Code   RO          283    .ARM.Collect$$_printf_percent$$00000010  c_w.l(_printf_llo.o)
    0x0800026c   0x0800026c   0x00000006   Code   RO          284    .ARM.Collect$$_printf_percent$$00000011  c_w.l(_printf_llx.o)
    0x08000272   0x08000272   0x0000000a   Code   RO          280    .ARM.Collect$$_printf_percent$$00000012  c_w.l(_printf_l.o)
    0x0800027c   0x0800027c   0x00000006   Code   RO          262    .ARM.Collect$$_printf_percent$$00000013  c_w.l(_printf_c.o)
    0x08000282   0x08000282   0x00000006   Code   RO          263    .ARM.Collect$$_printf_percent$$00000014  c_w.l(_printf_s.o)
    0x08000288   0x08000288   0x00000006   Code   RO          281    .ARM.Collect$$_printf_percent$$00000015  c_w.l(_printf_lc.o)
    0x0800028e   0x0800028e   0x00000006   Code   RO          282    .ARM.Collect$$_printf_percent$$00000016  c_w.l(_printf_ls.o)
    0x08000294   0x08000294   0x00000004   Code   RO          325    .ARM.Collect$$_printf_percent$$00000017  c_w.l(_printf_percent_end.o)
    0x08000298   0x08000298   0x00000002   Code   RO          376    .ARM.Collect$$libinit$$00000000  c_w.l(libinit.o)
    0x0800029a   0x0800029a   0x00000004   Code   RO          394    .ARM.Collect$$libinit$$00000001  c_w.l(libinit2.o)
    0x0800029e   0x0800029e   0x00000000   Code   RO          397    .ARM.Collect$$libinit$$00000004  c_w.l(libinit2.o)
    0x0800029e   0x0800029e   0x00000000   Code   RO          400    .ARM.Collect$$libinit$$0000000A  c_w.l(libinit2.o)
    0x0800029e   0x0800029e   0x00000000   Code   RO          402    .ARM.Collect$$libinit$$0000000C  c_w.l(libinit2.o)
    0x0800029e   0x0800029e   0x00000000   Code   RO          404    .ARM.Collect$$libinit$$0000000E  c_w.l(libinit2.o)
    0x0800029e   0x0800029e   0x00000006   Code   RO          405    .ARM.Collect$$libinit$$0000000F  c_w.l(libinit2.o)
    0x080002a4   0x080002a4   0x00000000   Code   RO          407    .ARM.Collect$$libinit$$00000011  c_w.l(libinit2.o)
    0x080002a4   0x080002a4   0x0000000c   Code   RO          408    .ARM.Collect$$libinit$$00000012  c_w.l(libinit2.o)
    0x080002b0   0x080002b0   0x00000000   Code   RO          409    .ARM.Collect$$libinit$$00000013  c_w.l(libinit2.o)
    0x080002b0   0x080002b0   0x00000000   Code   RO          411    .ARM.Collect$$libinit$$00000015  c_w.l(libinit2.o)
    0x080002b0   0x080002b0   0x0000000a   Code   RO          412    .ARM.Collect$$libinit$$00000016  c_w.l(libinit2.o)
    0x080002ba   0x080002ba   0x00000000   Code   RO          413    .ARM.Collect$$libinit$$00000017  c_w.l(libinit2.o)
    0x080002ba   0x080002ba   0x00000000   Code   RO          415    .ARM.Collect$$libinit$$00000019  c_w.l(libinit2.o)
    0x080002ba   0x080002ba   0x00000000   Code   RO          417    .ARM.Collect$$libinit$$0000001B  c_w.l(libinit2.o)
    0x080002ba   0x080002ba   0x00000000   Code   RO          419    .ARM.Collect$$libinit$$0000001D  c_w.l(libinit2.o)
    0x080002ba   0x080002ba   0x00000000   Code   RO          421    .ARM.Collect$$libinit$$0000001F  c_w.l(libinit2.o)
    0x080002ba   0x080002ba   0x00000000   Code   RO          423    .ARM.Collect$$libinit$$00000021  c_w.l(libinit2.o)
    0x080002ba   0x080002ba   0x00000000   Code   RO          425    .ARM.Collect$$libinit$$00000023  c_w.l(libinit2.o)
    0x080002ba   0x080002ba   0x00000000   Code   RO          427    .ARM.Collect$$libinit$$00000025  c_w.l(libinit2.o)
    0x080002ba   0x080002ba   0x00000000   Code   RO          431    .ARM.Collect$$libinit$$0000002C  c_w.l(libinit2.o)
    0x080002ba   0x080002ba   0x00000000   Code   RO          433    .ARM.Collect$$libinit$$0000002E  c_w.l(libinit2.o)
    0x080002ba   0x080002ba   0x00000000   Code   RO          435    .ARM.Collect$$libinit$$00000030  c_w.l(libinit2.o)
    0x080002ba   0x080002ba   0x00000000   Code   RO          437    .ARM.Collect$$libinit$$00000032  c_w.l(libinit2.o)
    0x080002ba   0x080002ba   0x00000002   Code   RO          438    .ARM.Collect$$libinit$$00000033  c_w.l(libinit2.o)
    0x080002bc   0x080002bc   0x00000002   Code   RO          462    .ARM.Collect$$libshutdown$$00000000  c_w.l(libshutdown.o)
    0x080002be   0x080002be   0x00000000   Code   RO          477    .ARM.Collect$$libshutdown$$00000002  c_w.l(libshutdown2.o)
    0x080002be   0x080002be   0x00000000   Code   RO          479    .ARM.Collect$$libshutdown$$00000004  c_w.l(libshutdown2.o)
    0x080002be   0x080002be   0x00000000   Code   RO          482    .ARM.Collect$$libshutdown$$00000007  c_w.l(libshutdown2.o)
    0x080002be   0x080002be   0x00000000   Code   RO          485    .ARM.Collect$$libshutdown$$0000000A  c_w.l(libshutdown2.o)
    0x080002be   0x080002be   0x00000000   Code   RO          487    .ARM.Collect$$libshutdown$$0000000C  c_w.l(libshutdown2.o)
    0x080002be   0x080002be   0x00000000   Code   RO          490    .ARM.Collect$$libshutdown$$0000000F  c_w.l(libshutdown2.o)
    0x080002be   0x080002be   0x00000002   Code   RO          491    .ARM.Collect$$libshutdown$$00000010  c_w.l(libshutdown2.o)
    0x080002c0   0x080002c0   0x00000000   Code   RO          191    .ARM.Collect$$rtentry$$00000000  c_w.l(__rtentry.o)
    0x080002c0   0x080002c0   0x00000000   Code   RO          294    .ARM.Collect$$rtentry$$00000002  c_w.l(__rtentry2.o)
    0x080002c0   0x080002c0   0x00000006   Code   RO          306    .ARM.Collect$$rtentry$$00000004  c_w.l(__rtentry4.o)
    0x080002c6   0x080002c6   0x00000000   Code   RO          296    .ARM.Collect$$rtentry$$00000009  c_w.l(__rtentry2.o)
    0x080002c6   0x080002c6   0x00000004   Code   RO          297    .ARM.Collect$$rtentry$$0000000A  c_w.l(__rtentry2.o)
    0x080002ca   0x080002ca   0x00000000   Code   RO          299    .ARM.Collect$$rtentry$$0000000C  c_w.l(__rtentry2.o)
    0x080002ca   0x080002ca   0x00000008   Code   RO          300    .ARM.Collect$$rtentry$$0000000D  c_w.l(__rtentry2.o)
    0x080002d2   0x080002d2   0x00000002   Code   RO          385    .ARM.Collect$$rtexit$$00000000  c_w.l(rtexit.o)
    0x080002d4   0x080002d4   0x00000000   Code   RO          440    .ARM.Collect$$rtexit$$00000002  c_w.l(rtexit2.o)
    0x080002d4   0x080002d4   0x00000004   Code   RO          441    .ARM.Collect$$rtexit$$00000003  c_w.l(rtexit2.o)
    0x080002d8   0x080002d8   0x00000006   Code   RO          442    .ARM.Collect$$rtexit$$00000004  c_w.l(rtexit2.o)
    0x080002de   0x080002de   0x00000002   PAD
    0x080002e0   0x080002e0   0x00000040   Code   RO           26  * .text               startup_stm32f303xe.o
    0x08000320   0x08000320   0x00000034   Code   RO          185    .text               c_w.l(vsnprintf.o)
    0x08000354   0x08000354   0x00000006   Code   RO          187    .text               c_w.l(heapauxi.o)
    0x0800035a   0x0800035a   0x0000004e   Code   RO          194    .text               c_w.l(_printf_pad.o)
    0x080003a8   0x080003a8   0x00000024   Code   RO          196    .text               c_w.l(_printf_truncate.o)
    0x080003cc   0x080003cc   0x00000052   Code   RO          198    .text               c_w.l(_printf_str.o)
    0x0800041e   0x0800041e   0x00000002   PAD
    0x08000420   0x08000420   0x00000078   Code   RO          200    .text               c_w.l(_printf_dec.o)
    0x08000498   0x08000498   0x00000028   Code   RO          202    .text               c_w.l(_printf_charcount.o)
    0x080004c0   0x080004c0   0x00000030   Code   RO          204    .text               c_w.l(_printf_char_common.o)
    0x080004f0   0x080004f0   0x0000000a   Code   RO          206    .text               c_w.l(_sputc.o)
    0x080004fa   0x080004fa   0x00000010   Code   RO          208    .text               c_w.l(_snputc.o)
    0x0800050a   0x0800050a   0x00000002   PAD
    0x0800050c   0x0800050c   0x000000bc   Code   RO          210    .text               c_w.l(_printf_wctomb.o)
    0x080005c8   0x080005c8   0x0000007c   Code   RO          213    .text               c_w.l(_printf_longlong_dec.o)
    0x08000644   0x08000644   0x00000070   Code   RO          219    .text               c_w.l(_printf_oct_int_ll.o)
    0x080006b4   0x080006b4   0x00000094   Code   RO          239    .text               c_w.l(_printf_hex_int_ll_ptr.o)
    0x08000748   0x08000748   0x00000188   Code   RO          259    .text               c_w.l(__printf_flags_ss_wp.o)
    0x080008d0   0x080008d0   0x0000008a   Code   RO          308    .text               c_w.l(lludiv10.o)
    0x0800095a   0x0800095a   0x000000b2   Code   RO          310    .text               c_w.l(_printf_intcommon.o)
    0x08000a0c   0x08000a0c   0x0000041c   Code   RO          312    .text               c_w.l(_printf_fp_dec.o)
    0x08000e28   0x08000e28   0x000002fc   Code   RO          316    .text               c_w.l(_printf_fp_hex.o)
    0x08001124   0x08001124   0x0000002c   Code   RO          321    .text               c_w.l(_printf_char.o)
    0x08001150   0x08001150   0x0000002c   Code   RO          323    .text               c_w.l(_printf_wchar.o)
    0x0800117c   0x0800117c   0x00000048   Code   RO          326    .text               c_w.l(_c16rtomb.o)
    0x080011c4   0x080011c4   0x0000004a   Code   RO          328    .text               c_w.l(sys_stackheap_outer.o)
    0x0800120e   0x0800120e   0x00000002   PAD
    0x08001210   0x08001210   0x00000010   Code   RO          330    .text               c_w.l(rt_ctype_table.o)
    0x08001220   0x08001220   0x00000008   Code   RO          335    .text               c_w.l(rt_locale_intlibspace.o)
    0x08001228   0x08001228   0x00000080   Code   RO          337    .text               c_w.l(_printf_fp_infnan.o)
    0x080012a8   0x080012a8   0x000000e4   Code   RO          339    .text               c_w.l(bigflt0.o)
    0x0800138c   0x0800138c   0x00000012   Code   RO          369    .text               c_w.l(exit.o)
    0x0800139e   0x0800139e   0x00000002   PAD
    0x080013a0   0x080013a0   0x00000008   Code   RO          382    .text               c_w.l(libspace.o)
    0x080013a8   0x080013a8   0x0000007c   Code   RO          392    .text               c_w.l(strcmpv7em.o)
    0x08001424   0x08001424   0x0000000c   Code   RO          452    .text               c_w.l(sys_exit.o)
    0x08001430   0x08001430   0x00000002   Code   RO          467    .text               c_w.l(use_no_semi.o)
    0x08001432   0x08001432   0x00000000   Code   RO          469    .text               c_w.l(indicate_semi.o)
    0x08001432   0x08001432   0x00000002   PAD
    0x08001434   0x08001434   0x00000032   Code   RO          174    .text.Drive         drive.o
    0x08001466   0x08001466   0x00000002   PAD
    0x08001468   0x08001468   0x00000090   Code   RO          172    .text.DriveSetting  drive.o
    0x080014f8   0x080014f8   0x000001a0   Code   RO          170    .text.Drive_Init    drive.o
    0x08001698   0x08001698   0x00000038   Code   RO          135    .text.EXTI15_10_IRQHandler  interupt.o
    0x080016d0   0x080016d0   0x00000056   Code   RO          150    .text.LCD_Data      lcd.o
    0x08001726   0x08001726   0x00000002   PAD
    0x08001728   0x08001728   0x00000056   Code   RO          148    .text.LCDcmd        lcd.o
    0x0800177e   0x0800177e   0x00000002   PAD
    0x08001780   0x08001780   0x0000005e   Code   RO          160    .text.LCDprintf     lcd.o
    0x080017de   0x080017de   0x00000002   PAD
    0x080017e0   0x080017e0   0x00000008   Code   RO          156    .text.LCDputc       lcd.o
    0x080017e8   0x080017e8   0x0000001c   Code   RO          158    .text.LCDputs       lcd.o
    0x08001804   0x08001804   0x00000010   Code   RO           15    .text.LED_Toggle    led1.o
    0x08001814   0x08001814   0x00000032   Code   RO           92    .text.RCServo_SetAngle  servo.o
    0x08001846   0x08001846   0x00000002   PAD
    0x08001848   0x08001848   0x00000076   Code   RO           76    .text.Stepper_Init  stepper.o
    0x080018be   0x080018be   0x00000002   PAD
    0x080018c0   0x080018c0   0x00000020   Code   RO          120    .text.SysTick_Handler  systick.o
    0x080018e0   0x080018e0   0x00000056   Code   RO           35    .text.SystemCoreClockUpdate  system_stm32f3xx.o
    0x08001936   0x08001936   0x00000002   PAD
    0x08001938   0x08001938   0x00000070   Code   RO           33    .text.SystemInit    system_stm32f3xx.o
    0x080019a8   0x080019a8   0x000000bc   Code   RO           68    .text.System_Clock_Init  sysclock.o
    0x08001a64   0x08001a64   0x00000100   Code   RO           48    .text.UART2_Init    uart.o
    0x08001b64   0x08001b64   0x00000014   Code   RO           50    .text.UARTgetc      uart.o
    0x08001b78   0x08001b78   0x00000016   Code   RO           52    .text.UARTgetc_NP   uart.o
    0x08001b8e   0x08001b8e   0x00000002   PAD
    0x08001b90   0x08001b90   0x0000002e   Code   RO           58    .text.UARTprintf    uart.o
    0x08001bbe   0x08001bbe   0x00000002   PAD
    0x08001bc0   0x08001bc0   0x00000012   Code   RO           54    .text.UARTputc      uart.o
    0x08001bd2   0x08001bd2   0x00000002   PAD
    0x08001bd4   0x08001bd4   0x0000001c   Code   RO           56    .text.UARTputs      uart.o
    0x08001bf0   0x08001bf0   0x00000040   Code   RO           80    .text.Wait_ms       stepper.o
    0x08001c30   0x08001c30   0x00000010   Code   RO          131    .text.__NVIC_EnableIRQ  interupt.o
    0x08001c40   0x08001c40   0x0000000e   Code   RO          133    .text.__NVIC_SetPriority  interupt.o
    0x08001c4e   0x08001c4e   0x00000002   PAD
    0x08001c50   0x08001c50   0x00000042   Code   RO          106    .text.debounce      keypad.o
    0x08001c92   0x08001c92   0x00000002   PAD
    0x08001c94   0x08001c94   0x00000124   Code   RO          104    .text.keypad_scan   keypad.o
    0x08001db8   0x08001db8   0x000004c4   Code   RO            2    .text.main          ledmain1.o
    0x0800227c   0x0800227c   0x00000080   Code   RO           78    .text.stepperSetting  stepper.o
    0x080022fc   0x080022fc   0x00000076   Code   RO          129    .text.trigger       interupt.o
    0x08002372   0x08002372   0x0000003e   Code   RO          342    CL$$btod_d2e        c_w.l(btod.o)
    0x080023b0   0x080023b0   0x00000046   Code   RO          344    CL$$btod_d2e_denorm_low  c_w.l(btod.o)
    0x080023f6   0x080023f6   0x00000060   Code   RO          343    CL$$btod_d2e_norm_op1  c_w.l(btod.o)
    0x08002456   0x08002456   0x00000002   PAD
    0x08002458   0x08002458   0x00000338   Code   RO          352    CL$$btod_div_common  c_w.l(btod.o)
    0x08002790   0x08002790   0x000000dc   Code   RO          349    CL$$btod_e2e        c_w.l(btod.o)
    0x0800286c   0x0800286c   0x0000002a   Code   RO          346    CL$$btod_ediv       c_w.l(btod.o)
    0x08002896   0x08002896   0x0000002a   Code   RO          345    CL$$btod_emul       c_w.l(btod.o)
    0x080028c0   0x080028c0   0x00000244   Code   RO          351    CL$$btod_mult_common  c_w.l(btod.o)
    0x08002b04   0x08002b04   0x00000030   Code   RO          380    i.__ARM_fpclassify  m_wm.l(fpclassify.o)
    0x08002b34   0x08002b34   0x0000000e   Code   RO          252    i._is_digit         c_w.l(__printf_wp.o)
    0x08002b42   0x08002b42   0x00000002   PAD
    0x08002b44   0x08002b44   0x0000002c   Code   RO          367    locale$$code        c_w.l(lc_numeric_c.o)
    0x08002b70   0x08002b70   0x0000002c   Code   RO          390    locale$$code        c_w.l(lc_ctype_c.o)
    0x08002b9c   0x08002b9c   0x0000001a   Code   RO          450    x$fpl$fpinit        fz_wm.l(fpinit.o)
    0x08002bb6   0x08002bb6   0x00000004   Code   RO          285    x$fpl$printf1       fz_wm.l(printf1.o)
    0x08002bba   0x08002bba   0x00000004   Code   RO          287    x$fpl$printf2       fz_wm.l(printf2.o)
    0x08002bbe   0x08002bbe   0x00000000   Code   RO          379    x$fpl$usenofp       fz_wm.l(usenofp.o)
    0x08002bbe   0x08002bbe   0x00000002   PAD
    0x08002bc0   0x08002bc0   0x00000008   Data   RO          211    .constdata          c_w.l(_printf_wctomb.o)
    0x08002bc8   0x08002bc8   0x00000028   Data   RO          240    .constdata          c_w.l(_printf_hex_int_ll_ptr.o)
    0x08002bf0   0x08002bf0   0x00000011   Data   RO          260    .constdata          c_w.l(__printf_flags_ss_wp.o)
    0x08002c01   0x08002c01   0x00000026   Data   RO          317    .constdata          c_w.l(_printf_fp_hex.o)
    0x08002c27   0x08002c27   0x00000001   PAD
    0x08002c28   0x08002c28   0x00000094   Data   RO          340    .constdata          c_w.l(bigflt0.o)
    0x08002cbc   0x08002cbc   0x00000010   Data   RO           38    .rodata.AHBPrescTable  system_stm32f3xx.o
    0x08002ccc   0x08002ccc   0x00000160   Data   RO            4    .rodata.str1.1      ledmain1.o
    0x08002e2c   0x08002e2c   0x00000020   Data   RO          525    Region$$Table       anon$$obj.o
    0x08002e4c   0x08002e4c   0x0000001c   Data   RO          366    locale$$data        c_w.l(lc_numeric_c.o)
    0x08002e68   0x08002e68   0x00000110   Data   RO          389    locale$$data        c_w.l(lc_ctype_c.o)


    Execution Region ER_RW (Exec base: 0x20000000, Load base: 0x08002f78, Size: 0x00000004, Max: 0xffffffff, ABSOLUTE)

    Exec Addr    Load Addr    Size         Type   Attr      Idx    E Section Name        Object

    0x20000000   0x08002f78   0x00000004   Data   RW           37    .data.SystemCoreClock  system_stm32f3xx.o


    Execution Region ER_ZI (Exec base: 0x20000008, Load base: 0x08002f7c, Size: 0x00000660, Max: 0xffffffff, ABSOLUTE)

    Exec Addr    Load Addr    Size         Type   Attr      Idx    E Section Name        Object

    0x20000008        -       0x00000060   Zero   RW          383    .bss                c_w.l(libspace.o)
    0x20000068        -       0x00000200   Zero   RW           24    HEAP                startup_stm32f303xe.o
    0x20000268        -       0x00000400   Zero   RW           23    STACK               startup_stm32f303xe.o


==============================================================================

Image component sizes


      Code (inc. data)   RO Data    RW Data    ZI Data      Debug   Object Name

       610          0          0          0          0       2616   drive.o
       204         16          0          0          0       5142   interupt.o
       358         24          0          0          0       2183   keypad.o
       302          0          0          0          0       2982   lcd.o
        16          0          0          0          0       1316   led1.o
      1220        208        352          0          0       1918   ledmain1.o
        50          0          0          0          0       2170   servo.o
        64         26        404          0       1536        856   startup_stm32f303xe.o
       310          0          0          0          0       2002   stepper.o
       188          0          0          0          0       1212   sysclock.o
       198          0         16          4          0       2308   system_stm32f3xx.o
        32         16          0          0          0       3935   systick.o
       390          0          0          0          0       2610   uart.o

    ----------------------------------------------------------------------
      3966        290        804          4       1536      31250   Object Totals
         0          0         32          0          0          0   (incl. Generated)
        24          0          0          0          0          0   (incl. Padding)

    ----------------------------------------------------------------------

      Code (inc. data)   RO Data    RW Data    ZI Data      Debug   Library Member Name

         8          0          0          0          0         68   __main.o
       392          4         17          0          0         92   __printf_flags_ss_wp.o
        14          0          0          0          0         68   __printf_wp.o
         0          0          0          0          0          0   __rtentry.o
        12          0          0          0          0          0   __rtentry2.o
         6          0          0          0          0          0   __rtentry4.o
        52          8          0          0          0          0   __scatter.o
        26          0          0          0          0          0   __scatter_copy.o
        28          0          0          0          0          0   __scatter_zi.o
        72          0          0          0          0         96   _c16rtomb.o
         6          0          0          0          0          0   _printf_a.o
         6          0          0          0          0          0   _printf_c.o
        44          0          0          0          0        108   _printf_char.o
        48          6          0          0          0         96   _printf_char_common.o
        40          0          0          0          0         68   _printf_charcount.o
         6          0          0          0          0          0   _printf_d.o
       120         16          0          0          0         92   _printf_dec.o
         6          0          0          0          0          0   _printf_e.o
         6          0          0          0          0          0   _printf_f.o
      1052          0          0          0          0        148   _printf_fp_dec.o
       764          8         38          0          0        100   _printf_fp_hex.o
       128         16          0          0          0         84   _printf_fp_infnan.o
         6          0          0          0          0          0   _printf_g.o
       148          4         40          0          0        160   _printf_hex_int_ll_ptr.o
         6          0          0          0          0          0   _printf_i.o
       178          0          0          0          0         88   _printf_intcommon.o
        10          0          0          0          0          0   _printf_l.o
         6          0          0          0          0          0   _printf_lc.o
        10          0          0          0          0          0   _printf_ll.o
         6          0          0          0          0          0   _printf_lld.o
         6          0          0          0          0          0   _printf_lli.o
         6          0          0          0          0          0   _printf_llo.o
         6          0          0          0          0          0   _printf_llu.o
         6          0          0          0          0          0   _printf_llx.o
       124         16          0          0          0         92   _printf_longlong_dec.o
         6          0          0          0          0          0   _printf_ls.o
         6          0          0          0          0          0   _printf_n.o
         6          0          0          0          0          0   _printf_o.o
       112          8          0          0          0        124   _printf_oct_int_ll.o
         6          0          0          0          0          0   _printf_p.o
        78          0          0          0          0        108   _printf_pad.o
         0          0          0          0          0          0   _printf_percent.o
         4          0          0          0          0          0   _printf_percent_end.o
         6          0          0          0          0          0   _printf_s.o
        82          0          0          0          0         80   _printf_str.o
        36          0          0          0          0         84   _printf_truncate.o
         6          0          0          0          0          0   _printf_u.o
        44          0          0          0          0        108   _printf_wchar.o
       188          6          8          0          0         92   _printf_wctomb.o
         6          0          0          0          0          0   _printf_x.o
        16          0          0          0          0         68   _snputc.o
        10          0          0          0          0         68   _sputc.o
       228          4        148          0          0         96   bigflt0.o
      1936        128          0          0          0        668   btod.o
        18          0          0          0          0         80   exit.o
         6          0          0          0          0        152   heapauxi.o
         0          0          0          0          0          0   indicate_semi.o
        44         10        272          0          0         76   lc_ctype_c.o
        44         10         28          0          0         76   lc_numeric_c.o
         2          0          0          0          0          0   libinit.o
        34          0          0          0          0          0   libinit2.o
         2          0          0          0          0          0   libshutdown.o
         2          0          0          0          0          0   libshutdown2.o
         8          4          0          0         96         68   libspace.o
       138          0          0          0          0         80   lludiv10.o
        16          4          0          0          0         76   rt_ctype_table.o
         8          4          0          0          0         68   rt_locale_intlibspace.o
         2          0          0          0          0          0   rtexit.o
        10          0          0          0          0          0   rtexit2.o
       124          0          0          0          0         88   strcmpv7em.o
        12          4          0          0          0         68   sys_exit.o
        74          0          0          0          0         80   sys_stackheap_outer.o
         2          0          0          0          0         68   use_no_semi.o
        52          4          0          0          0         80   vsnprintf.o
        26          0          0          0          0        116   fpinit.o
         4          0          0          0          0        116   printf1.o
         4          0          0          0          0        116   printf2.o
         0          0          0          0          0          0   usenofp.o
        48          0          0          0          0        124   fpclassify.o

    ----------------------------------------------------------------------
      6830        264        552          0         96       4388   Library Totals
        20          0          1          0          0          0   (incl. Padding)

    ----------------------------------------------------------------------

      Code (inc. data)   RO Data    RW Data    ZI Data      Debug   Library Name

      6728        264        551          0         96       3916   c_w.l
        34          0          0          0          0        348   fz_wm.l
        48          0          0          0          0        124   m_wm.l

    ----------------------------------------------------------------------
      6830        264        552          0         96       4388   Library Totals

    ----------------------------------------------------------------------

==============================================================================


      Code (inc. data)   RO Data    RW Data    ZI Data      Debug   

     10796        554       1356          4       1632      33138   Grand Totals
     10796        554       1356          4       1632      33138   ELF Image Totals
     10796        554       1356          4          0          0   ROM Totals

==============================================================================

    Total RO  Size (Code + RO Data)                12152 (  11.87kB)
    Total RW  Size (RW Data + ZI Data)              1636 (   1.60kB)
    Total ROM Size (Code + RO Data + RW Data)      12156 (  11.87kB)

==============================================================================

