<html>
<body>
<pre>
<h1>µVision Build Log</h1>
<h2>Tool Versions:</h2>
IDE-Version: µVision V5.36.0.0
Copyright (C) 2021 ARM Ltd and ARM Germany GmbH. All rights reserved.
License Information: r porter, HP Inc., LIC=----
 
Tool Versions:
Toolchain:       MDK-Lite  Version: 5.36.0.0
Toolchain Path:  C:\Keil_v5\ARM\ARMCLANG\Bin
C Compiler:      ArmClang.exe V6.16
Assembler:       Armasm.exe V6.16
Linker/Locator:  ArmLink.exe V6.16
Library Manager: ArmAr.exe V6.16
Hex Converter:   FromElf.exe V6.16
CPU DLL:         SARMCM3.DLL V5.36.0.0
Dialog DLL:      DCM.DLL V1.17.3.0
Target DLL:      STLink\ST-LINKIII-KEIL_SWO.dll V3.0.9.0
Dialog DLL:      TCM.DLL V1.53.0.0
 
<h2>Project:</h2>
C:\Users\nybor\Desktop\Conestoga\9-Fall 2022\EECE73205 - Project V\Robot Code\ESE-F22-ProjectV-RobotPlatform-main\ESE-F22-ProjectV-RobotPlatform-main\Lab7Work (Week13) - Optical Encoder - Interrupt Mode\Lab1Work.uvprojx
Project File Date:  12/04/2022

<h2>Output:</h2>
*** Using Compiler 'V6.16', folder: 'C:\Keil_v5\ARM\ARMCLANG\Bin'
Rebuild target 'Target 1'
assembling startup_stm32f303xe.s...
compiling LED.c...
main.c(178): warning: code will never be executed [-Wunreachable-code]
        UARTprintf("LEFT: %6d, RIGHT: %6d\r", leftEncoderPeriod, rightEncoderPeriod);
        ^~~~~~~~~~
1 warning generated.
compiling main.c...
compiling system_stm32f3xx.c...
UART.c(173): warning: format string is not a string literal [-Wformat-nonliteral]
                vsnprintf( myBuffer, MAX_BUF_SIZE, format, args );
                                                   ^~~~~~
1 warning generated.
compiling UART.c...
compiling SysClock.c...
Stepper.c(74): warning: implicit conversion changes signedness: 'int' to 'unsigned int' [-Wsign-conversion]
        FORCE_BITS(GPIOC->ODR, 0x000F, stepPatternTable[currentStepIndex]);
        ^~~~~~~~~~~~~~~~~~~~~~~~~~~~~~~~~~~~~~~~~~~~~~~~~~~~~~~~~~~~~~~~~~
./utility.h(17): note: expanded from macro 'FORCE_BITS'
#define FORCE_BITS(port, mask, value)   (port) = (((port) & (~(mask))) | ((value) & (mask)))
                                                          ~  ^~~~~~~
1 warning generated.
compiling Stepper.c...
compiling utility.c...
Servo.c(89): warning: implicit conversion changes signedness: 'int' to 'unsigned long' [-Wsign-conversion]
                uint16_t pulseWidth = CENTREPERIOD + (angle * 10);
                                                   ~  ~~~~~~^~~~
1 warning generated.
compiling Servo.c...
Keypad.c(104): warning: implicit conversion changes signedness: 'int' to 'int8_t' (aka 'signed char') [-Wsign-conversion]
                                return 4 * row_index + column_index;  
                                ~~~~~~ ~~~~~~~~~~~~~~^~~~~~~~~~~~~~
1 warning generated.
compiling Keypad.c...
lcd.c(51): warning: implicit conversion changes signedness: 'int' to 'unsigned int' [-Wsign-conversion]
        LCD_BUS( 0x03 );
        ^~~~~~~~~~~~~~~
./lcd.h(68): note: expanded from macro 'LCD_BUS'
#define LCD_BUS( value )        FORCE_BITS( LCD_PORT, LCD_BUS_BIT, (value) << LCD_BUS_BIT_POS )
                                ^~~~~~~~~~~~~~~~~~~~~~~~~~~~~~~~~~~~~~~~~~~~~~~~~~~~~~~~~~~~~~~
./utility.h(17): note: expanded from macro 'FORCE_BITS'
#define FORCE_BITS(port, mask, value)   (port) = (((port) & (~(mask))) | ((value) & (mask)))
                                                          ~  ^~~~~~~
lcd.c(57): warning: implicit conversion changes signedness: 'int' to 'unsigned int' [-Wsign-conversion]
        LCD_BUS( 0x03 );
        ^~~~~~~~~~~~~~~
./lcd.h(68): note: expanded from macro 'LCD_BUS'
#define LCD_BUS( value )        FORCE_BITS( LCD_PORT, LCD_BUS_BIT, (value) << LCD_BUS_BIT_POS )
                                ^~~~~~~~~~~~~~~~~~~~~~~~~~~~~~~~~~~~~~~~~~~~~~~~~~~~~~~~~~~~~~~
./utility.h(17): note: expanded from macro 'FORCE_BITS'
#define FORCE_BITS(port, mask, value)   (port) = (((port) & (~(mask))) | ((value) & (mask)))
                                                          ~  ^~~~~~~
lcd.c(63): warning: implicit conversion changes signedness: 'int' to 'unsigned int' [-Wsign-conversion]
LCD_BUS( 0x03 );
^~~~~~~~~~~~~~~
./lcd.h(68): note: expanded from macro 'LCD_BUS'
#define LCD_BUS( value )        FORCE_BITS( LCD_PORT, LCD_BUS_BIT, (value) << LCD_BUS_BIT_POS )
                                ^~~~~~~~~~~~~~~~~~~~~~~~~~~~~~~~~~~~~~~~~~~~~~~~~~~~~~~~~~~~~~~
./utility.h(17): note: expanded from macro 'FORCE_BITS'
#define FORCE_BITS(port, mask, value)   (port) = (((port) & (~(mask))) | ((value) & (mask)))
                                                          ~  ^~~~~~~
lcd.c(68): warning: implicit conversion changes signedness: 'int' to 'unsigned int' [-Wsign-conversion]
        LCD_BUS( 0x02 );
        ^~~~~~~~~~~~~~~
./lcd.h(68): note: expanded from macro 'LCD_BUS'
#define LCD_BUS( value )        FORCE_BITS( LCD_PORT, LCD_BUS_BIT, (value) << LCD_BUS_BIT_POS )
                                ^~~~~~~~~~~~~~~~~~~~~~~~~~~~~~~~~~~~~~~~~~~~~~~~~~~~~~~~~~~~~~~
./utility.h(17): note: expanded from macro 'FORCE_BITS'
#define FORCE_BITS(port, mask, value)   (port) = (((port) & (~(mask))) | ((value) & (mask)))
                                                          ~  ^~~~~~~
lcd.c(101): warning: implicit conversion changes signedness: 'int' to 'unsigned int' [-Wsign-conversion]
        LCD_BUS( HI_NYBBLE( cmd ) );
        ^~~~~~~~~~~~~~~~~~~~~~~~~~~
./lcd.h(68): note: expanded from macro 'LCD_BUS'
#define LCD_BUS( value )        FORCE_BITS( LCD_PORT, LCD_BUS_BIT, (value) << LCD_BUS_BIT_POS )
                                ^~~~~~~~~~~~~~~~~~~~~~~~~~~~~~~~~~~~~~~~~~~~~~~~~~~~~~~~~~~~~~~
./utility.h(17): note: expanded from macro 'FORCE_BITS'
#define FORCE_BITS(port, mask, value)   (port) = (((port) & (~(mask))) | ((value) & (mask)))
                                                          ~  ^~~~~~~
lcd.c(105): warning: implicit conversion changes signedness: 'int' to 'unsigned int' [-Wsign-conversion]
        LCD_BUS( LO_NYBBLE( cmd ) );
        ^~~~~~~~~~~~~~~~~~~~~~~~~~~
./lcd.h(68): note: expanded from macro 'LCD_BUS'
#define LCD_BUS( value )        FORCE_BITS( LCD_PORT, LCD_BUS_BIT, (value) << LCD_BUS_BIT_POS )
                                ^~~~~~~~~~~~~~~~~~~~~~~~~~~~~~~~~~~~~~~~~~~~~~~~~~~~~~~~~~~~~~~
./utility.h(17): note: expanded from macro 'FORCE_BITS'
#define FORCE_BITS(port, mask, value)   (port) = (((port) & (~(mask))) | ((value) & (mask)))
                                                          ~  ^~~~~~~
lcd.c(117): warning: implicit conversion changes signedness: 'int' to 'unsigned int' [-Wsign-conversion]
        LCD_BUS( HI_NYBBLE( data ) );
        ^~~~~~~~~~~~~~~~~~~~~~~~~~~~
./lcd.h(68): note: expanded from macro 'LCD_BUS'
#define LCD_BUS( value )        FORCE_BITS( LCD_PORT, LCD_BUS_BIT, (value) << LCD_BUS_BIT_POS )
                                ^~~~~~~~~~~~~~~~~~~~~~~~~~~~~~~~~~~~~~~~~~~~~~~~~~~~~~~~~~~~~~~
./utility.h(17): note: expanded from macro 'FORCE_BITS'
#define FORCE_BITS(port, mask, value)   (port) = (((port) & (~(mask))) | ((value) & (mask)))
                                                          ~  ^~~~~~~
lcd.c(121): warning: implicit conversion changes signedness: 'int' to 'unsigned int' [-Wsign-conversion]
        LCD_BUS( LO_NYBBLE( data ) );
        ^~~~~~~~~~~~~~~~~~~~~~~~~~~~
./lcd.h(68): note: expanded from macro 'LCD_BUS'
#define LCD_BUS( value )        FORCE_BITS( LCD_PORT, LCD_BUS_BIT, (value) << LCD_BUS_BIT_POS )
                                ^~~~~~~~~~~~~~~~~~~~~~~~~~~~~~~~~~~~~~~~~~~~~~~~~~~~~~~~~~~~~~~
./utility.h(17): note: expanded from macro 'FORCE_BITS'
#define FORCE_BITS(port, mask, value)   (port) = (((port) & (~(mask))) | ((value) & (mask)))
                                                          ~  ^~~~~~~
lcd.c(159): warning: format string is not a string literal [-Wformat-nonliteral]
        (void)vsnprintf(buffer, MAX_LCD_BUFSIZ, str, args);
                                                ^~~
9 warnings generated.
compiling lcd.c...
compiling DriveMotor.c...
Encoder.c(97): warning: no previous prototype for function 'TIM2_IRQHandler' [-Wmissing-prototypes]
void TIM2_IRQHandler( void )
     ^
Encoder.c(97): note: declare 'static' if the function is not intended to be used outside of this translation unit
void TIM2_IRQHandler( void )
^
static 
1 warning generated.
compiling Encoder.c...
linking...
Program Size: Code=11192 RO-data=1292 RW-data=4 ZI-data=1656  
".\Objects\Lab1Work.axf" - 0 Error(s), 15 Warning(s).

<h2>Software Packages used:</h2>

Package Vendor: ARM
                http://www.keil.com/pack/ARM.CMSIS.5.8.0.pack
                ARM.CMSIS.5.8.0
                CMSIS (Common Microcontroller Software Interface Standard)
   * Component: CORE Version: 5.5.0

Package Vendor: Keil
                http://www.keil.com/pack/Keil.STM32F3xx_DFP.2.2.2.pack
                Keil.STM32F3xx_DFP.2.2.2
                STMicroelectronics STM32F3 Series Device Support and Examples

<h2>Collection of Component include folders:</h2>
  .\RTE\_Target_1
  C:\Users\nybor\AppData\Local\Arm\Packs\ARM\CMSIS\5.8.0\CMSIS\Core\Include
  C:\Users\nybor\AppData\Local\Arm\Packs\Keil\STM32F3xx_DFP\2.2.2\Drivers\CMSIS\Device\ST\STM32F3xx\Include

<h2>Collection of Component Files used:</h2>

   * Component: ARM::CMSIS:CORE:5.5.0
Build Time Elapsed:  00:00:02
</pre>
</body>
</html>
